Component: ARM Compiler 5.06 update 5 (build 528) Tool: armlink [4d35e2]

==============================================================================

Section Cross References

    startup_stm32f103xe.o(RESET) refers to startup_stm32f103xe.o(STACK) for __initial_sp
    startup_stm32f103xe.o(RESET) refers to startup_stm32f103xe.o(.text) for Reset_Handler
    startup_stm32f103xe.o(RESET) refers to stm32f1xx_it.o(i.NMI_Handler) for NMI_Handler
    startup_stm32f103xe.o(RESET) refers to stm32f1xx_it.o(i.HardFault_Handler) for HardFault_Handler
    startup_stm32f103xe.o(RESET) refers to stm32f1xx_it.o(i.MemManage_Handler) for MemManage_Handler
    startup_stm32f103xe.o(RESET) refers to stm32f1xx_it.o(i.BusFault_Handler) for BusFault_Handler
    startup_stm32f103xe.o(RESET) refers to stm32f1xx_it.o(i.UsageFault_Handler) for UsageFault_Handler
    startup_stm32f103xe.o(RESET) refers to stm32f1xx_it.o(i.SVC_Handler) for SVC_Handler
    startup_stm32f103xe.o(RESET) refers to stm32f1xx_it.o(i.DebugMon_Handler) for DebugMon_Handler
    startup_stm32f103xe.o(RESET) refers to stm32f1xx_it.o(i.PendSV_Handler) for PendSV_Handler
    startup_stm32f103xe.o(RESET) refers to stm32f1xx_it.o(i.SysTick_Handler) for SysTick_Handler
    startup_stm32f103xe.o(RESET) refers to ultrasonic.o(i.EXTI1_IRQHandler) for EXTI1_IRQHandler
    startup_stm32f103xe.o(RESET) refers to motor.o(i.EXTI2_IRQHandler) for EXTI2_IRQHandler
    startup_stm32f103xe.o(RESET) refers to stm32f1xx_it.o(i.DMA1_Channel6_IRQHandler) for DMA1_Channel6_IRQHandler
    startup_stm32f103xe.o(RESET) refers to stm32f1xx_it.o(i.DMA1_Channel7_IRQHandler) for DMA1_Channel7_IRQHandler
    startup_stm32f103xe.o(RESET) refers to stm32f1xx_it.o(i.ADC1_2_IRQHandler) for ADC1_2_IRQHandler
    startup_stm32f103xe.o(RESET) refers to stm32f1xx_it.o(i.I2C1_EV_IRQHandler) for I2C1_EV_IRQHandler
    startup_stm32f103xe.o(RESET) refers to motor.o(i.EXTI15_10_IRQHandler) for EXTI15_10_IRQHandler
    startup_stm32f103xe.o(.text) refers to system_stm32f1xx.o(i.SystemInit) for SystemInit
    startup_stm32f103xe.o(.text) refers to entry.o(.ARM.Collect$$$$00000000) for __main
    led.o(i.Led_task) refers to stm32f1xx_hal.o(i.HAL_GetTick) for HAL_GetTick
    led.o(i.Led_task) refers to stm32f1xx_hal_gpio.o(i.HAL_GPIO_TogglePin) for HAL_GPIO_TogglePin
    led.o(i.Led_task) refers to led.o(.data) for .data
    led.o(i.Set_blink) refers to led.o(.data) for .data
    mecanum.o(i.cal_mecanum) refers to fflti.o(.text) for __aeabi_i2f
    mecanum.o(i.cal_mecanum) refers to fdiv.o(.text) for __aeabi_fdiv
    mecanum.o(i.cal_mecanum) refers to fmul.o(.text) for __aeabi_fmul
    mecanum.o(i.cal_mecanum) refers to ffixi.o(.text) for __aeabi_f2iz
    motor.o(i.EXTI15_10_IRQHandler) refers to stm32f1xx_hal_gpio.o(i.HAL_GPIO_ReadPin) for HAL_GPIO_ReadPin
    motor.o(i.EXTI15_10_IRQHandler) refers to motor.o(.data) for .data
    motor.o(i.EXTI2_IRQHandler) refers to stm32f1xx_hal_gpio.o(i.HAL_GPIO_ReadPin) for HAL_GPIO_ReadPin
    motor.o(i.EXTI2_IRQHandler) refers to motor.o(.data) for .data
    motor.o(i.Get_cnt) refers to motor.o(.data) for .data
    motor.o(i.Get_cnt) refers to main.o(.bss) for htim3
    motor.o(i.LL_TIM_OC_SetPolarity) refers to motor.o(.constdata) for .constdata
    motor.o(i.Motor_PID_Enable) refers to motor.o(i.pid_Motor_Init) for pid_Motor_Init
    motor.o(i.Motor_lock) refers to motor.o(i.LL_GPIO_SetPinMode) for LL_GPIO_SetPinMode
    motor.o(i.Motor_task) refers to stm32f1xx_hal.o(i.HAL_GetTick) for HAL_GetTick
    motor.o(i.Motor_task) refers to ffltui.o(.text) for __aeabi_ui2f
    motor.o(i.Motor_task) refers to fflti.o(.text) for __aeabi_i2f
    motor.o(i.Motor_task) refers to fdiv.o(.text) for __aeabi_fdiv
    motor.o(i.Motor_task) refers to f2d.o(.text) for __aeabi_f2d
    motor.o(i.Motor_task) refers to dmul.o(.text) for __aeabi_dmul
    motor.o(i.Motor_task) refers to dadd.o(.text) for __aeabi_dsub
    motor.o(i.Motor_task) refers to d2f.o(.text) for __aeabi_d2f
    motor.o(i.Motor_task) refers to fadd.o(.text) for __aeabi_fadd
    motor.o(i.Motor_task) refers to cfrcmple.o(.text) for __aeabi_cfrcmple
    motor.o(i.Motor_task) refers to motor.o(i.LL_TIM_OC_SetPolarity) for LL_TIM_OC_SetPolarity
    motor.o(i.Motor_task) refers to motor.o(i.LL_GPIO_SetPinMode) for LL_GPIO_SetPinMode
    motor.o(i.Motor_task) refers to fmul.o(.text) for __aeabi_fmul
    motor.o(i.Motor_task) refers to ffixi.o(.text) for __aeabi_f2iz
    motor.o(i.Motor_task) refers to motor.o(.data) for .data
    motor.o(i.Motor_task) refers to motor.o(.bss) for .bss
    motor.o(i.pid_Motor_Init) refers to motor.o(i.LL_TIM_OC_SetPolarity) for LL_TIM_OC_SetPolarity
    motor.o(i.pid_Motor_Init) refers to motor.o(i.LL_GPIO_SetPinMode) for LL_GPIO_SetPinMode
    motor.o(i.user_Motor_Init) refers to stm32f1xx_hal_tim.o(i.HAL_TIM_Encoder_Start) for HAL_TIM_Encoder_Start
    motor.o(i.user_Motor_Init) refers to main.o(.bss) for htim3
    ps2.o(i.PS2_ReadData) refers to ps2.o(i.uDelay) for uDelay
[...]
    ..\Src\led.c                             0x00000000   Number         0  led.o ABSOLUTE
    ..\Src\main.c                            0x00000000   Number         0  main.o ABSOLUTE
    ..\Src\mecanum.c                         0x00000000   Number         0  mecanum.o ABSOLUTE
    ..\Src\motor.c                           0x00000000   Number         0  motor.o ABSOLUTE
    ..\Src\mpu9250.c                         0x00000000   Number         0  mpu9250.o ABSOLUTE
    ..\Src\oled.c                            0x00000000   Number         0  oled.o ABSOLUTE
    ..\Src\ps2.c                             0x00000000   Number         0  ps2.o ABSOLUTE
    ..\Src\servo.c                           0x00000000   Number         0  servo.o ABSOLUTE
    ..\Src\stm32f1xx_hal_msp.c               0x00000000   Number         0  stm32f1xx_hal_msp.o ABSOLUTE
    ..\Src\stm32f1xx_it.c                    0x00000000   Number         0  stm32f1xx_it.o ABSOLUTE
    ..\Src\ultrasonic.c                      0x00000000   Number         0  ultrasonic.o ABSOLUTE
    ..\\Src\\battery.c                       0x00000000   Number         0  battery.o ABSOLUTE
    ..\\Src\\bluetooth.c                     0x00000000   Number         0  bluetooth.o ABSOLUTE
    ..\\Src\\led.c                           0x00000000   Number         0  led.o ABSOLUTE
    ..\\Src\\mecanum.c                       0x00000000   Number         0  mecanum.o ABSOLUTE
    ..\\Src\\motor.c                         0x00000000   Number         0  motor.o ABSOLUTE
    ..\\Src\\mpu9250.c                       0x00000000   Number         0  mpu9250.o ABSOLUTE
    ..\\Src\\oled.c                          0x00000000   Number         0  oled.o ABSOLUTE
    ..\\Src\\ps2.c                           0x00000000   Number         0  ps2.o ABSOLUTE
    ..\\Src\\servo.c                         0x00000000   Number         0  servo.o ABSOLUTE
    ..\\Src\\ultrasonic.c                    0x00000000   Number         0  ultrasonic.o ABSOLUTE
    ..\\Src\system_stm32f1xx.c               0x00000000   Number         0  system_stm32f1xx.o ABSOLUTE
    cfrcmple.s                               0x00000000   Number         0  cfrcmple.o ABSOLUTE
    dc.s                                     0x00000000   Number         0  dc.o ABSOLUTE
    handlers.s                               0x00000000   Number         0  handlers.o ABSOLUTE
    init.s                                   0x00000000   Number         0  init.o ABSOLUTE
    startup_stm32f103xe.s                    0x00000000   Number         0  startup_stm32f103xe.o ABSOLUTE
    RESET                                    0x08000000   Section      304  startup_stm32f103xe.o(RESET)
    .ARM.Collect$$$$00000000                 0x08000130   Section        0  entry.o(.ARM.Collect$$$$00000000)
    .ARM.Collect$$$$00000001                 0x08000130   Section        4  entry2.o(.ARM.Collect$$$$00000001)
    .ARM.Collect$$$$00000004                 0x08000134   Section        4  entry5.o(.ARM.Collect$$$$00000004)
    .ARM.Collect$$$$00000008                 0x08000138   Section        0  entry7b.o(.ARM.Collect$$$$00000008)
    .ARM.Collect$$$$0000000A                 0x08000138   Section        0  entry8b.o(.ARM.Collect$$$$0000000A)
    .ARM.Collect$$$$0000000B                 0x08000138   Section        8  entry9a.o(.ARM.Collect$$$$0000000B)
    .ARM.Collect$$$$0000000D                 0x08000140   Section        0  entry10a.o(.ARM.Collect$$$$0000000D)
    .ARM.Collect$$$$0000000F                 0x08000140   Section        0  entry11a.o(.ARM.Collect$$$$0000000F)
    .ARM.Collect$$$$00002712                 0x08000140   Section        4  entry2.o(.ARM.Collect$$$$00002712)
    __lit__00000000                          0x08000140   Data           4  entry2.o(.ARM.Collect$$$$00002712)
    .text                                    0x08000144   Section       36  startup_stm32f103xe.o(.text)
    .text                                    0x08000168   Section        0  llushr.o(.text)
    .text                                    0x08000188   Section        0  memseta.o(.text)
    .text                                    0x080001ac   Section        0  fadd.o(.text)
    .text                                    0x0800025c   Section        0  fmul.o(.text)
    .text                                    0x080002c0   Section        0  fdiv.o(.text)
    .text                                    0x0800033c   Section        0  dadd.o(.text)
    .text                                    0x0800048a   Section        0  dmul.o(.text)
    .text                                    0x0800056e   Section        0  fflti.o(.text)
    .text                                    0x08000580   Section        0  ffltui.o(.text)
    .text                                    0x0800058a   Section        0  ffixi.o(.text)
    .text                                    0x080005bc   Section        0  f2d.o(.text)
    .text                                    0x080005e2   Section        0  d2f.o(.text)
    .text                                    0x0800061c   Section       20  cfrcmple.o(.text)
    .text                                    0x08000630   Section        0  llshl.o(.text)
    .text                                    0x0800064e   Section        0  llsshr.o(.text)
    .text                                    0x08000672   Section        0  iusefp.o(.text)
    .text                                    0x08000672   Section        0  fepilogue.o(.text)
    .text                                    0x080006e0   Section        0  depilogue.o(.text)
    .text                                    0x0800079c   Section       36  init.o(.text)
    i.ADC1_2_IRQHandler                      0x080007c0   Section        0  stm32f1xx_it.o(i.ADC1_2_IRQHandler)
    i.ADC_ConversionStop_Disable             0x080007cc   Section        0  stm32f1xx_hal_adc.o(i.ADC_ConversionStop_Disable)
    i.ADC_Enable                             0x08000818   Section        0  stm32f1xx_hal_adc.o(i.ADC_Enable)
    i.BT_task                                0x08000888   Section        0  bluetooth.o(i.BT_task)
    i.BusFault_Handler                       0x0800091c   Section        0  stm32f1xx_it.o(i.BusFault_Handler)
    i.Button_Servo                           0x0800091e   Section        0  ps2.o(i.Button_Servo)
    i.Check_mode                             0x0800094c   Section        0  main.o(i.Check_mode)
    i.Check_volt                             0x080009ac   Section        0  battery.o(i.Check_volt)
    i.DMA1_Channel6_IRQHandler               0x08000a10   Section        0  stm32f1xx_it.o(i.DMA1_Channel6_IRQHandler)
    i.DMA1_Channel7_IRQHandler               0x08000a1c   Section        0  stm32f1xx_it.o(i.DMA1_Channel7_IRQHandler)
    i.DMA_SetConfig                          0x08000a28   Section        0  stm32f1xx_hal_dma.o(i.DMA_SetConfig)
    DMA_SetConfig                            0x08000a29   Thumb Code    42  stm32f1xx_hal_dma.o(i.DMA_SetConfig)
    i.DebugMon_Handler                       0x08000a52   Section        0  stm32f1xx_it.o(i.DebugMon_Handler)
    i.EXTI15_10_IRQHandler                   0x08000a54   Section        0  motor.o(i.EXTI15_10_IRQHandler)
    i.EXTI1_IRQHandler                       0x08000a98   Section        0  ultrasonic.o(i.EXTI1_IRQHandler)
    i.EXTI2_IRQHandler                       0x08000ae0   Section        0  motor.o(i.EXTI2_IRQHandler)
    i.Error_Handler                          0x08000b24   Section        0  main.o(i.Error_Handler)
    i.Get_cnt                                0x08000b28   Section        0  motor.o(i.Get_cnt)
    i.HAL_ADCEx_InjectedConvCpltCallback     0x08000b84   Section        0  stm32f1xx_hal_adc_ex.o(i.HAL_ADCEx_InjectedConvCpltCallback)
    i.HAL_ADC_ConfigChannel                  0x08000b88   Section        0  stm32f1xx_hal_adc.o(i.HAL_ADC_ConfigChannel)
    i.HAL_ADC_ConvCpltCallback               0x08000c84   Section        0  battery.o(i.HAL_ADC_ConvCpltCallback)
    i.HAL_ADC_GetValue                       0x08000cac   Section        0  stm32f1xx_hal_adc.o(i.HAL_ADC_GetValue)
    i.HAL_ADC_IRQHandler                     0x08000cb2   Section        0  stm32f1xx_hal_adc.o(i.HAL_ADC_IRQHandler)
    i.HAL_ADC_Init                           0x08000d98   Section        0  stm32f1xx_hal_adc.o(i.HAL_ADC_Init)
    i.HAL_ADC_LevelOutOfWindowCallback       0x08000eb8   Section        0  stm32f1xx_hal_adc.o(i.HAL_ADC_LevelOutOfWindowCallback)
    i.HAL_ADC_MspInit                        0x08000ebc   Section        0  stm32f1xx_hal_msp.o(i.HAL_ADC_MspInit)
    i.HAL_ADC_Start_IT                       0x08000f24   Section        0  stm32f1xx_hal_adc.o(i.HAL_ADC_Start_IT)
    i.HAL_DMA_Abort_IT                       0x08000ff0   Section        0  stm32f1xx_hal_dma.o(i.HAL_DMA_Abort_IT)
    i.HAL_DMA_IRQHandler                     0x08001120   Section        0  stm32f1xx_hal_dma.o(i.HAL_DMA_IRQHandler)
    i.HAL_DMA_Init                           0x08001368   Section        0  stm32f1xx_hal_dma.o(i.HAL_DMA_Init)
    i.HAL_DMA_Start_IT                       0x080013e4   Section        0  stm32f1xx_hal_dma.o(i.HAL_DMA_Start_IT)
    i.HAL_Delay                              0x08001454   Section        0  stm32f1xx_hal.o(i.HAL_Delay)
    i.HAL_GPIO_Init                          0x08001478   Section        0  stm32f1xx_hal_gpio.o(i.HAL_GPIO_Init)
    i.HAL_GPIO_ReadPin                       0x08001660   Section        0  stm32f1xx_hal_gpio.o(i.HAL_GPIO_ReadPin)
    i.HAL_GPIO_TogglePin                     0x0800166a   Section        0  stm32f1xx_hal_gpio.o(i.HAL_GPIO_TogglePin)
    i.HAL_GPIO_WritePin                      0x08001672   Section        0  stm32f1xx_hal_gpio.o(i.HAL_GPIO_WritePin)
    i.HAL_GetTick                            0x0800167c   Section        0  stm32f1xx_hal.o(i.HAL_GetTick)
    i.HAL_I2C_AbortCpltCallback              0x08001688   Section        0  stm32f1xx_hal_i2c.o(i.HAL_I2C_AbortCpltCallback)
    i.HAL_I2C_AddrCallback                   0x0800168a   Section        0  stm32f1xx_hal_i2c.o(i.HAL_I2C_AddrCallback)
    i.HAL_I2C_EV_IRQHandler                  0x0800168c   Section        0  stm32f1xx_hal_i2c.o(i.HAL_I2C_EV_IRQHandler)
    i.HAL_I2C_ErrorCallback                  0x0800187c   Section        0  stm32f1xx_hal_i2c.o(i.HAL_I2C_ErrorCallback)
    i.HAL_I2C_Init                           0x08001880   Section        0  stm32f1xx_hal_i2c.o(i.HAL_I2C_Init)
    i.HAL_I2C_ListenCpltCallback             0x080019c0   Section        0  stm32f1xx_hal_i2c.o(i.HAL_I2C_ListenCpltCallback)
    i.HAL_I2C_MasterRxCpltCallback           0x080019c2   Section        0  stm32f1xx_hal_i2c.o(i.HAL_I2C_MasterRxCpltCallback)
    i.HAL_I2C_MasterTxCpltCallback           0x080019c4   Section        0  stm32f1xx_hal_i2c.o(i.HAL_I2C_MasterTxCpltCallback)
    i.HAL_I2C_Master_Transmit                0x080019c8   Section        0  stm32f1xx_hal_i2c.o(i.HAL_I2C_Master_Transmit)
    i.HAL_I2C_MemRxCpltCallback              0x08001b00   Section        0  stm32f1xx_hal_i2c.o(i.HAL_I2C_MemRxCpltCallback)
    i.HAL_I2C_MemTxCpltCallback              0x08001b02   Section        0  stm32f1xx_hal_i2c.o(i.HAL_I2C_MemTxCpltCallback)
    i.HAL_I2C_Mem_Write                      0x08001b04   Section        0  stm32f1xx_hal_i2c.o(i.HAL_I2C_Mem_Write)
    i.HAL_I2C_MspInit                        0x08001c40   Section        0  stm32f1xx_hal_msp.o(i.HAL_I2C_MspInit)
    i.HAL_I2C_SlaveRxCpltCallback            0x08001cc0   Section        0  stm32f1xx_hal_i2c.o(i.HAL_I2C_SlaveRxCpltCallback)
    i.HAL_I2C_SlaveTxCpltCallback            0x08001cc2   Section        0  stm32f1xx_hal_i2c.o(i.HAL_I2C_SlaveTxCpltCallback)
    i.HAL_IncTick                            0x08001cc4   Section        0  stm32f1xx_hal.o(i.HAL_IncTick)
    i.HAL_Init                               0x08001cd4   Section        0  stm32f1xx_hal.o(i.HAL_Init)
    i.HAL_InitTick                           0x08001cf8   Section        0  stm32f1xx_hal.o(i.HAL_InitTick)
    i.HAL_MspInit                            0x08001d38   Section        0  stm32f1xx_hal_msp.o(i.HAL_MspInit)
    i.HAL_NVIC_EnableIRQ                     0x08001d74   Section        0  stm32f1xx_hal_cortex.o(i.HAL_NVIC_EnableIRQ)
    i.HAL_NVIC_SetPriority                   0x08001d8c   Section        0  stm32f1xx_hal_cortex.o(i.HAL_NVIC_SetPriority)
    i.HAL_NVIC_SetPriorityGrouping           0x08001dcc   Section        0  stm32f1xx_hal_cortex.o(i.HAL_NVIC_SetPriorityGrouping)
    i.HAL_RCCEx_PeriphCLKConfig              0x08001df0   Section        0  stm32f1xx_hal_rcc_ex.o(i.HAL_RCCEx_PeriphCLKConfig)
    i.HAL_RCC_ClockConfig                    0x08001edc   Section        0  stm32f1xx_hal_rcc.o(i.HAL_RCC_ClockConfig)
    i.HAL_RCC_GetPCLK1Freq                   0x08002048   Section        0  stm32f1xx_hal_rcc.o(i.HAL_RCC_GetPCLK1Freq)
    i.HAL_RCC_GetPCLK2Freq                   0x08002068   Section        0  stm32f1xx_hal_rcc.o(i.HAL_RCC_GetPCLK2Freq)
    i.HAL_RCC_GetSysClockFreq                0x08002088   Section        0  stm32f1xx_hal_rcc.o(i.HAL_RCC_GetSysClockFreq)
    i.HAL_RCC_OscConfig                      0x080020f4   Section        0  stm32f1xx_hal_rcc.o(i.HAL_RCC_OscConfig)
    i.HAL_SYSTICK_Config                     0x080023f8   Section        0  stm32f1xx_hal_cortex.o(i.HAL_SYSTICK_Config)
    i.HAL_TIMEx_ConfigBreakDeadTime          0x08002420   Section        0  stm32f1xx_hal_tim_ex.o(i.HAL_TIMEx_ConfigBreakDeadTime)
    i.HAL_TIMEx_MasterConfigSynchronization  0x0800247a   Section        0  stm32f1xx_hal_tim_ex.o(i.HAL_TIMEx_MasterConfigSynchronization)
    i.HAL_TIM_Base_Init                      0x080024ca   Section        0  stm32f1xx_hal_tim.o(i.HAL_TIM_Base_Init)
    i.HAL_TIM_Base_MspInit                   0x08002500   Section        0  stm32f1xx_hal_msp.o(i.HAL_TIM_Base_MspInit)
    i.HAL_TIM_ConfigClockSource              0x08002558   Section        0  stm32f1xx_hal_tim.o(i.HAL_TIM_ConfigClockSource)
    i.HAL_TIM_Encoder_Init                   0x0800264a   Section        0  stm32f1xx_hal_tim.o(i.HAL_TIM_Encoder_Init)
    i.HAL_TIM_Encoder_MspInit                0x080026e0   Section        0  stm32f1xx_hal_msp.o(i.HAL_TIM_Encoder_MspInit)
    i.HAL_TIM_Encoder_Start                  0x080027b8   Section        0  stm32f1xx_hal_tim.o(i.HAL_TIM_Encoder_Start)
    i.HAL_TIM_MspPostInit                    0x080027ec   Section        0  stm32f1xx_hal_msp.o(i.HAL_TIM_MspPostInit)
    i.HAL_TIM_PWM_ConfigChannel              0x0800287c   Section        0  stm32f1xx_hal_tim.o(i.HAL_TIM_PWM_ConfigChannel)
    i.HAL_TIM_PWM_Init                       0x0800294c   Section        0  stm32f1xx_hal_tim.o(i.HAL_TIM_PWM_Init)
    i.HAL_TIM_PWM_MspInit                    0x08002982   Section        0  stm32f1xx_hal_tim.o(i.HAL_TIM_PWM_MspInit)
    i.HAL_TIM_PWM_Start                      0x08002984   Section        0  stm32f1xx_hal_tim.o(i.HAL_TIM_PWM_Start)
    i.HAL_UART_ErrorCallback                 0x080029bc   Section        0  stm32f1xx_hal_uart.o(i.HAL_UART_ErrorCallback)
    i.HAL_UART_Init                          0x080029be   Section        0  stm32f1xx_hal_uart.o(i.HAL_UART_Init)
    i.HAL_UART_MspInit                       0x08002a20   Section        0  stm32f1xx_hal_msp.o(i.HAL_UART_MspInit)
    i.HAL_UART_Receive_DMA                   0x08002aec   Section        0  stm32f1xx_hal_uart.o(i.HAL_UART_Receive_DMA)
    i.HAL_UART_RxCpltCallback                0x08002b84   Section        0  bluetooth.o(i.HAL_UART_RxCpltCallback)
    i.HAL_UART_RxHalfCpltCallback            0x08002bb8   Section        0  stm32f1xx_hal_uart.o(i.HAL_UART_RxHalfCpltCallback)
    i.HardFault_Handler                      0x08002bba   Section        0  stm32f1xx_it.o(i.HardFault_Handler)
    i.I2C1_EV_IRQHandler                     0x08002bbc   Section        0  stm32f1xx_it.o(i.I2C1_EV_IRQHandler)
    i.I2C_ByteWrite                          0x08002bc8   Section        0  mpu9250.o(i.I2C_ByteWrite)
    I2C_ByteWrite                            0x08002bc9   Thumb Code    28  mpu9250.o(i.I2C_ByteWrite)
    i.I2C_DMAAbort                           0x08002be8   Section        0  stm32f1xx_hal_i2c.o(i.I2C_DMAAbort)
    I2C_DMAAbort                             0x08002be9   Thumb Code    78  stm32f1xx_hal_i2c.o(i.I2C_DMAAbort)
    i.I2C_ITError                            0x08002c38   Section        0  stm32f1xx_hal_i2c.o(i.I2C_ITError)
    I2C_ITError                              0x08002c39   Thumb Code   284  stm32f1xx_hal_i2c.o(i.I2C_ITError)
    i.I2C_IsAcknowledgeFailed                0x08002d5c   Section        0  stm32f1xx_hal_i2c.o(i.I2C_IsAcknowledgeFailed)
    I2C_IsAcknowledgeFailed                  0x08002d5d   Thumb Code    40  stm32f1xx_hal_i2c.o(i.I2C_IsAcknowledgeFailed)
    i.I2C_MasterReceive_BTF                  0x08002d84   Section        0  stm32f1xx_hal_i2c.o(i.I2C_MasterReceive_BTF)
    I2C_MasterReceive_BTF                    0x08002d85   Thumb Code   194  stm32f1xx_hal_i2c.o(i.I2C_MasterReceive_BTF)
    i.I2C_MasterReceive_RXNE                 0x08002e4c   Section        0  stm32f1xx_hal_i2c.o(i.I2C_MasterReceive_RXNE)
    I2C_MasterReceive_RXNE                   0x08002e4d   Thumb Code   174  stm32f1xx_hal_i2c.o(i.I2C_MasterReceive_RXNE)
    i.I2C_MasterRequestWrite                 0x08002efc   Section        0  stm32f1xx_hal_i2c.o(i.I2C_MasterRequestWrite)
    I2C_MasterRequestWrite                   0x08002efd   Thumb Code   142  stm32f1xx_hal_i2c.o(i.I2C_MasterRequestWrite)
    i.I2C_MasterTransmit_BTF                 0x08002f90   Section        0  stm32f1xx_hal_i2c.o(i.I2C_MasterTransmit_BTF)
    I2C_MasterTransmit_BTF                   0x08002f91   Thumb Code   128  stm32f1xx_hal_i2c.o(i.I2C_MasterTransmit_BTF)
    i.I2C_MasterTransmit_TXE                 0x08003010   Section        0  stm32f1xx_hal_i2c.o(i.I2C_MasterTransmit_TXE)
    I2C_MasterTransmit_TXE                   0x08003011   Thumb Code   264  stm32f1xx_hal_i2c.o(i.I2C_MasterTransmit_TXE)
    i.I2C_Master_ADDR                        0x08003118   Section        0  stm32f1xx_hal_i2c.o(i.I2C_Master_ADDR)
    I2C_Master_ADDR                          0x08003119   Thumb Code   282  stm32f1xx_hal_i2c.o(i.I2C_Master_ADDR)
    i.I2C_Master_SB                          0x08003232   Section        0  stm32f1xx_hal_i2c.o(i.I2C_Master_SB)
    I2C_Master_SB                            0x08003233   Thumb Code    90  stm32f1xx_hal_i2c.o(i.I2C_Master_SB)
    i.I2C_RequestMemoryWrite                 0x0800328c   Section        0  stm32f1xx_hal_i2c.o(i.I2C_RequestMemoryWrite)
    I2C_RequestMemoryWrite                   0x0800328d   Thumb Code   156  stm32f1xx_hal_i2c.o(i.I2C_RequestMemoryWrite)
    i.I2C_Slave_STOPF                        0x0800332c   Section        0  stm32f1xx_hal_i2c.o(i.I2C_Slave_STOPF)
    I2C_Slave_STOPF                          0x0800332d   Thumb Code   214  stm32f1xx_hal_i2c.o(i.I2C_Slave_STOPF)
    i.I2C_WaitOnBTFFlagUntilTimeout          0x08003408   Section        0  stm32f1xx_hal_i2c.o(i.I2C_WaitOnBTFFlagUntilTimeout)
    I2C_WaitOnBTFFlagUntilTimeout            0x08003409   Thumb Code    78  stm32f1xx_hal_i2c.o(i.I2C_WaitOnBTFFlagUntilTimeout)
    i.I2C_WaitOnFlagUntilTimeout             0x08003456   Section        0  stm32f1xx_hal_i2c.o(i.I2C_WaitOnFlagUntilTimeout)
    I2C_WaitOnFlagUntilTimeout               0x08003457   Thumb Code    96  stm32f1xx_hal_i2c.o(i.I2C_WaitOnFlagUntilTimeout)
    i.I2C_WaitOnMasterAddressFlagUntilTimeout 0x080034b8   Section        0  stm32f1xx_hal_i2c.o(i.I2C_WaitOnMasterAddressFlagUntilTimeout)
    I2C_WaitOnMasterAddressFlagUntilTimeout  0x080034b9   Thumb Code   136  stm32f1xx_hal_i2c.o(i.I2C_WaitOnMasterAddressFlagUntilTimeout)
    i.I2C_WaitOnTXEFlagUntilTimeout          0x08003540   Section        0  stm32f1xx_hal_i2c.o(i.I2C_WaitOnTXEFlagUntilTimeout)
    I2C_WaitOnTXEFlagUntilTimeout            0x08003541   Thumb Code    78  stm32f1xx_hal_i2c.o(i.I2C_WaitOnTXEFlagUntilTimeout)
    i.InitMPU6050                            0x0800358e   Section        0  mpu9250.o(i.InitMPU6050)
    i.LL_APB2_GRP1_EnableClock               0x080035e8   Section        0  main.o(i.LL_APB2_GRP1_EnableClock)
    LL_APB2_GRP1_EnableClock                 0x080035e9   Thumb Code    18  main.o(i.LL_APB2_GRP1_EnableClock)
    i.LL_GPIO_Init                           0x08003600   Section        0  stm32f1xx_ll_gpio.o(i.LL_GPIO_Init)
    i.LL_GPIO_SetPinMode                     0x080036f0   Section        0  motor.o(i.LL_GPIO_SetPinMode)
    LL_GPIO_SetPinMode                       0x080036f1   Thumb Code    42  motor.o(i.LL_GPIO_SetPinMode)
    i.LL_TIM_BDTR_Init                       0x0800371a   Section        0  stm32f1xx_ll_tim.o(i.LL_TIM_BDTR_Init)
    i.LL_TIM_Init                            0x08003754   Section        0  stm32f1xx_ll_tim.o(i.LL_TIM_Init)
    i.LL_TIM_OC_DisableFast                  0x080037e0   Section        0  main.o(i.LL_TIM_OC_DisableFast)
    LL_TIM_OC_DisableFast                    0x080037e1   Thumb Code    80  main.o(i.LL_TIM_OC_DisableFast)
    i.LL_TIM_OC_EnablePreload                0x08003834   Section        0  main.o(i.LL_TIM_OC_EnablePreload)
    LL_TIM_OC_EnablePreload                  0x08003835   Thumb Code    80  main.o(i.LL_TIM_OC_EnablePreload)
    i.LL_TIM_OC_Init                         0x08003888   Section        0  stm32f1xx_ll_tim.o(i.LL_TIM_OC_Init)
    i.LL_TIM_OC_SetPolarity                  0x08003a50   Section        0  motor.o(i.LL_TIM_OC_SetPolarity)
    LL_TIM_OC_SetPolarity                    0x08003a51   Thumb Code    76  motor.o(i.LL_TIM_OC_SetPolarity)
    i.Led_task                               0x08003aa0   Section        0  led.o(i.Led_task)
    i.MX_ADC1_Init                           0x08003ad4   Section        0  main.o(i.MX_ADC1_Init)
    MX_ADC1_Init                             0x08003ad5   Thumb Code    66  main.o(i.MX_ADC1_Init)
    i.MX_GPIO_Init                           0x08003b20   Section        0  main.o(i.MX_GPIO_Init)
    MX_GPIO_Init                             0x08003b21   Thumb Code   402  main.o(i.MX_GPIO_Init)
    i.MX_TIM1_Init                           0x08003cd0   Section        0  main.o(i.MX_TIM1_Init)
    MX_TIM1_Init                             0x08003cd1   Thumb Code   330  main.o(i.MX_TIM1_Init)
    i.MX_TIM2_Init                           0x08003e30   Section        0  main.o(i.MX_TIM2_Init)
    MX_TIM2_Init                             0x08003e31   Thumb Code   142  main.o(i.MX_TIM2_Init)
    i.MX_TIM3_Init                           0x08003ec4   Section        0  main.o(i.MX_TIM3_Init)
    MX_TIM3_Init                             0x08003ec5   Thumb Code    94  main.o(i.MX_TIM3_Init)
    i.MX_TIM4_Init                           0x08003f2c   Section        0  main.o(i.MX_TIM4_Init)
    MX_TIM4_Init                             0x08003f2d   Thumb Code    94  main.o(i.MX_TIM4_Init)
    i.MX_TIM5_Init                           0x08003f94   Section        0  main.o(i.MX_TIM5_Init)
    MX_TIM5_Init                             0x08003f95   Thumb Code    94  main.o(i.MX_TIM5_Init)
    i.MX_TIM8_Init                           0x08003ffc   Section        0  main.o(i.MX_TIM8_Init)
    MX_TIM8_Init                             0x08003ffd   Thumb Code   228  main.o(i.MX_TIM8_Init)
    i.MemManage_Handler                      0x080040e8   Section        0  stm32f1xx_it.o(i.MemManage_Handler)
    i.Motor_PID_Enable                       0x080040ec   Section        0  motor.o(i.Motor_PID_Enable)
    i.Motor_lock                             0x08004138   Section        0  motor.o(i.Motor_lock)
    i.Motor_task                             0x080041c8   Section        0  motor.o(i.Motor_task)
    i.Msr_dist_task                          0x0800473c   Section        0  ultrasonic.o(i.Msr_dist_task)
    i.NMI_Handler                            0x08004774   Section        0  stm32f1xx_it.o(i.NMI_Handler)
    i.NVIC_SetPriority                       0x08004776   Section        0  stm32f1xx_hal_cortex.o(i.NVIC_SetPriority)
    NVIC_SetPriority                         0x08004777   Thumb Code    32  stm32f1xx_hal_cortex.o(i.NVIC_SetPriority)
    i.OLED_Clear                             0x08004796   Section        0  oled.o(i.OLED_Clear)
    i.OLED_Init                              0x080047d0   Section        0  oled.o(i.OLED_Init)
    i.OLED_Set_Pos                           0x080048ba   Section        0  oled.o(i.OLED_Set_Pos)
    i.OLED_ShowChar                          0x080048e4   Section        0  oled.o(i.OLED_ShowChar)
    i.OLED_ShowString                        0x0800496c   Section        0  oled.o(i.OLED_ShowString)
    i.OLED_WR_Byte                           0x080049a4   Section        0  oled.o(i.OLED_WR_Byte)
    OLED_WR_Byte                             0x080049a5   Thumb Code    48  oled.o(i.OLED_WR_Byte)
    i.PS2_ReadData                           0x080049dc   Section        0  ps2.o(i.PS2_ReadData)
    i.PendSV_Handler                         0x08004a88   Section        0  stm32f1xx_it.o(i.PendSV_Handler)
    i.Ps2_task                               0x08004a8c   Section        0  ps2.o(i.Ps2_task)
    i.SVC_Handler                            0x08004ba0   Section        0  stm32f1xx_it.o(i.SVC_Handler)
    i.Set_Servo                              0x08004ba4   Section        0  servo.o(i.Set_Servo)
    i.Set_blink                              0x08004be8   Section        0  led.o(i.Set_blink)
    i.SysTick_Handler                        0x08004c08   Section        0  stm32f1xx_it.o(i.SysTick_Handler)
    i.SystemClock_Config                     0x08004c0c   Section        0  main.o(i.SystemClock_Config)
    i.SystemInit                             0x08004c88   Section        0  system_stm32f1xx.o(i.SystemInit)
    i.TIM_Base_SetConfig                     0x08004cd0   Section        0  stm32f1xx_hal_tim.o(i.TIM_Base_SetConfig)
    i.TIM_CCxChannelCmd                      0x08004d5c   Section        0  stm32f1xx_hal_tim.o(i.TIM_CCxChannelCmd)
    i.TIM_ETR_SetConfig                      0x08004d72   Section        0  stm32f1xx_hal_tim.o(i.TIM_ETR_SetConfig)
    TIM_ETR_SetConfig                        0x08004d73   Thumb Code    20  stm32f1xx_hal_tim.o(i.TIM_ETR_SetConfig)
    i.TIM_ITRx_SetConfig                     0x08004d86   Section        0  stm32f1xx_hal_tim.o(i.TIM_ITRx_SetConfig)
    TIM_ITRx_SetConfig                       0x08004d87   Thumb Code    16  stm32f1xx_hal_tim.o(i.TIM_ITRx_SetConfig)
    i.TIM_OC1_SetConfig                      0x08004d98   Section        0  stm32f1xx_hal_tim.o(i.TIM_OC1_SetConfig)
    TIM_OC1_SetConfig                        0x08004d99   Thumb Code    88  stm32f1xx_hal_tim.o(i.TIM_OC1_SetConfig)
    i.TIM_OC2_SetConfig                      0x08004df8   Section        0  stm32f1xx_hal_tim.o(i.TIM_OC2_SetConfig)
    i.TIM_OC3_SetConfig                      0x08004e64   Section        0  stm32f1xx_hal_tim.o(i.TIM_OC3_SetConfig)
    TIM_OC3_SetConfig                        0x08004e65   Thumb Code    96  stm32f1xx_hal_tim.o(i.TIM_OC3_SetConfig)
    i.TIM_OC4_SetConfig                      0x08004ecc   Section        0  stm32f1xx_hal_tim.o(i.TIM_OC4_SetConfig)
    TIM_OC4_SetConfig                        0x08004ecd   Thumb Code    70  stm32f1xx_hal_tim.o(i.TIM_OC4_SetConfig)
    i.TIM_TI1_ConfigInputStage               0x08004f1c   Section        0  stm32f1xx_hal_tim.o(i.TIM_TI1_ConfigInputStage)
    TIM_TI1_ConfigInputStage                 0x08004f1d   Thumb Code    34  stm32f1xx_hal_tim.o(i.TIM_TI1_ConfigInputStage)
    i.TIM_TI2_ConfigInputStage               0x08004f3e   Section        0  stm32f1xx_hal_tim.o(i.TIM_TI2_ConfigInputStage)
    TIM_TI2_ConfigInputStage                 0x08004f3f   Thumb Code    36  stm32f1xx_hal_tim.o(i.TIM_TI2_ConfigInputStage)
    i.UART_DMAError                          0x08004f62   Section        0  stm32f1xx_hal_uart.o(i.UART_DMAError)
    UART_DMAError                            0x08004f63   Thumb Code    74  stm32f1xx_hal_uart.o(i.UART_DMAError)
    i.UART_DMAReceiveCplt                    0x08004fac   Section        0  stm32f1xx_hal_uart.o(i.UART_DMAReceiveCplt)
    UART_DMAReceiveCplt                      0x08004fad   Thumb Code    60  stm32f1xx_hal_uart.o(i.UART_DMAReceiveCplt)
    i.UART_DMARxHalfCplt                     0x08004fe8   Section        0  stm32f1xx_hal_uart.o(i.UART_DMARxHalfCplt)
    UART_DMARxHalfCplt                       0x08004fe9   Thumb Code    10  stm32f1xx_hal_uart.o(i.UART_DMARxHalfCplt)
    i.UART_EndRxTransfer                     0x08004ff2   Section        0  stm32f1xx_hal_uart.o(i.UART_EndRxTransfer)
    UART_EndRxTransfer                       0x08004ff3   Thumb Code    28  stm32f1xx_hal_uart.o(i.UART_EndRxTransfer)
    i.UART_EndTxTransfer                     0x0800500e   Section        0  stm32f1xx_hal_uart.o(i.UART_EndTxTransfer)
    UART_EndTxTransfer                       0x0800500f   Thumb Code    18  stm32f1xx_hal_uart.o(i.UART_EndTxTransfer)
    i.UART_SetConfig                         0x08005020   Section        0  stm32f1xx_hal_uart.o(i.UART_SetConfig)
    UART_SetConfig                           0x08005021   Thumb Code   364  stm32f1xx_hal_uart.o(i.UART_SetConfig)
    i.UsageFault_Handler                     0x08005190   Section        0  stm32f1xx_it.o(i.UsageFault_Handler)
    i.__scatterload_copy                     0x08005192   Section       14  handlers.o(i.__scatterload_copy)
    i.__scatterload_null                     0x080051a0   Section        2  handlers.o(i.__scatterload_null)
    i.__scatterload_zeroinit                 0x080051a2   Section       14  handlers.o(i.__scatterload_zeroinit)
    i.cal_mecanum                            0x080051b0   Section        0  mecanum.o(i.cal_mecanum)
    i.main                                   0x08005278   Section        0  main.o(i.main)
    i.pid_Motor_Init                         0x0800567c   Section        0  motor.o(i.pid_Motor_Init)
    pid_Motor_Init                           0x0800567d   Thumb Code   270  motor.o(i.pid_Motor_Init)
    i.uDelay                                 0x080057b8   Section        0  ps2.o(i.uDelay)
    uDelay                                   0x080057b9   Thumb Code    14  ps2.o(i.uDelay)
    i.uDelay                                 0x080057c6   Section        0  main.o(i.uDelay)
    uDelay                                   0x080057c7   Thumb Code    14  main.o(i.uDelay)
    i.user_Motor_Init                        0x080057d4   Section        0  motor.o(i.user_Motor_Init)
    i.user_Servo_Init                        0x0800584c   Section        0  servo.o(i.user_Servo_Init)
    .constdata                               0x08005884   Section        7  motor.o(.constdata)
    SHIFT_TAB_CCxP                           0x08005884   Data           7  motor.o(.constdata)
    .constdata                               0x0800588b   Section     2072  oled.o(.constdata)
    .constdata                               0x080060a3   Section       14  main.o(.constdata)
    OFFSET_TAB_CCMRx                         0x080060a3   Data           7  main.o(.constdata)
    SHIFT_TAB_OCxx                           0x080060aa   Data           7  main.o(.constdata)
    .constdata                               0x080060b1   Section       16  system_stm32f1xx.o(.constdata)
    .constdata                               0x080060c1   Section        8  system_stm32f1xx.o(.constdata)
    .data                                    0x20000000   Section       12  led.o(.data)
    time_next                                0x20000008   Data           4  led.o(.data)
    .data                                    0x2000000c   Section        8  motor.o(.data)
    time_next                                0x20000010   Data           4  motor.o(.data)
    .data                                    0x20000014   Section       37  ps2.o(.data)
    time_next                                0x2000001c   Data           4  ps2.o(.data)
    .data                                    0x2000003c   Section       12  ultrasonic.o(.data)
    time_next                                0x20000040   Data           4  ultrasonic.o(.data)
    .data                                    0x20000048   Section       18  battery.o(.data)
    i                                        0x20000048   Data           1  battery.o(.data)
    time_next                                0x2000004c   Data           4  battery.o(.data)
    .data                                    0x2000005a   Section        1  bluetooth.o(.data)
    .data                                    0x2000005c   Section       12  main.o(.data)
    .data                                    0x20000068   Section       12  stm32f1xx_hal.o(.data)
    .data                                    0x20000074   Section        4  system_stm32f1xx.o(.data)
    .bss                                     0x20000078   Section       16  motor.o(.bss)
    .bss                                     0x20000088   Section        9  ps2.o(.bss)
    .bss                                     0x20000091   Section       10  bluetooth.o(.bss)
    .bss                                     0x2000009c   Section      752  main.o(.bss)
    .bss                                     0x2000038c   Section       68  main.o(.bss)
    .bss                                     0x200003d0   Section       68  main.o(.bss)
    STACK                                    0x20000418   Section     1024  startup_stm32f103xe.o(STACK)

    Global Symbols

    Symbol Name                              Value     Ov Type        Size  Object(Section)

    BuildAttributes$$THM_ISAv4$P$D$K$B$S$PE$A:L22UL41UL21$X:L11$S22US41US21$IEEE1$IW$USESV6$~STKCKD$USESV7$~SHL$OTIME$ROPI$EBA8$MICROLIB$REQ8$PRES8$EABIv2 0x00000000   Number         0  anon$$obj.o ABSOLUTE
    __ARM_use_no_argv                        0x00000000   Number         0  main.o ABSOLUTE
    __cpp_initialize__aeabi_                  - Undefined Weak Reference
    __cxa_finalize                            - Undefined Weak Reference
    __decompress                              - Undefined Weak Reference
    _clock_init                               - Undefined Weak Reference
    _microlib_exit                            - Undefined Weak Reference
    __Vectors_Size                           0x00000130   Number         0  startup_stm32f103xe.o ABSOLUTE
    __Vectors                                0x08000000   Data           4  startup_stm32f103xe.o(RESET)
    __Vectors_End                            0x08000130   Data           0  startup_stm32f103xe.o(RESET)
    __main                                   0x08000131   Thumb Code     0  entry.o(.ARM.Collect$$$$00000000)
    _main_stk                                0x08000131   Thumb Code     0  entry2.o(.ARM.Collect$$$$00000001)
    _main_scatterload                        0x08000135   Thumb Code     0  entry5.o(.ARM.Collect$$$$00000004)
    __main_after_scatterload                 0x08000139   Thumb Code     0  entry5.o(.ARM.Collect$$$$00000004)
    _main_clock                              0x08000139   Thumb Code     0  entry7b.o(.ARM.Collect$$$$00000008)
    _main_cpp_init                           0x08000139   Thumb Code     0  entry8b.o(.ARM.Collect$$$$0000000A)
    _main_init                               0x08000139   Thumb Code     0  entry9a.o(.ARM.Collect$$$$0000000B)
    __rt_final_cpp                           0x08000141   Thumb Code     0  entry10a.o(.ARM.Collect$$$$0000000D)
    __rt_final_exit                          0x08000141   Thumb Code     0  entry11a.o(.ARM.Collect$$$$0000000F)
    Reset_Handler                            0x08000145   Thumb Code     8  startup_stm32f103xe.o(.text)
    ADC3_IRQHandler                          0x0800015f   Thumb Code     0  startup_stm32f103xe.o(.text)
    CAN1_RX1_IRQHandler                      0x0800015f   Thumb Code     0  startup_stm32f103xe.o(.text)
    CAN1_SCE_IRQHandler                      0x0800015f   Thumb Code     0  startup_stm32f103xe.o(.text)
    DMA1_Channel1_IRQHandler                 0x0800015f   Thumb Code     0  startup_stm32f103xe.o(.text)
    DMA1_Channel2_IRQHandler                 0x0800015f   Thumb Code     0  startup_stm32f103xe.o(.text)
    DMA1_Channel3_IRQHandler                 0x0800015f   Thumb Code     0  startup_stm32f103xe.o(.text)
    DMA1_Channel4_IRQHandler                 0x0800015f   Thumb Code     0  startup_stm32f103xe.o(.text)
    DMA1_Channel5_IRQHandler                 0x0800015f   Thumb Code     0  startup_stm32f103xe.o(.text)
    DMA2_Channel1_IRQHandler                 0x0800015f   Thumb Code     0  startup_stm32f103xe.o(.text)
    DMA2_Channel2_IRQHandler                 0x0800015f   Thumb Code     0  startup_stm32f103xe.o(.text)
    DMA2_Channel3_IRQHandler                 0x0800015f   Thumb Code     0  startup_stm32f103xe.o(.text)
    DMA2_Channel4_5_IRQHandler               0x0800015f   Thumb Code     0  startup_stm32f103xe.o(.text)
    EXTI0_IRQHandler                         0x0800015f   Thumb Code     0  startup_stm32f103xe.o(.text)
    EXTI3_IRQHandler                         0x0800015f   Thumb Code     0  startup_stm32f103xe.o(.text)
    EXTI4_IRQHandler                         0x0800015f   Thumb Code     0  startup_stm32f103xe.o(.text)
    EXTI9_5_IRQHandler                       0x0800015f   Thumb Code     0  startup_stm32f103xe.o(.text)
    FLASH_IRQHandler                         0x0800015f   Thumb Code     0  startup_stm32f103xe.o(.text)
    FSMC_IRQHandler                          0x0800015f   Thumb Code     0  startup_stm32f103xe.o(.text)
    I2C1_ER_IRQHandler                       0x0800015f   Thumb Code     0  startup_stm32f103xe.o(.text)
    I2C2_ER_IRQHandler                       0x0800015f   Thumb Code     0  startup_stm32f103xe.o(.text)
    I2C2_EV_IRQHandler                       0x0800015f   Thumb Code     0  startup_stm32f103xe.o(.text)
    PVD_IRQHandler                           0x0800015f   Thumb Code     0  startup_stm32f103xe.o(.text)
    RCC_IRQHandler                           0x0800015f   Thumb Code     0  startup_stm32f103xe.o(.text)
    RTC_Alarm_IRQHandler                     0x0800015f   Thumb Code     0  startup_stm32f103xe.o(.text)
    RTC_IRQHandler                           0x0800015f   Thumb Code     0  startup_stm32f103xe.o(.text)
    SDIO_IRQHandler                          0x0800015f   Thumb Code     0  startup_stm32f103xe.o(.text)
    SPI1_IRQHandler                          0x0800015f   Thumb Code     0  startup_stm32f103xe.o(.text)
    SPI2_IRQHandler                          0x0800015f   Thumb Code     0  startup_stm32f103xe.o(.text)
    SPI3_IRQHandler                          0x0800015f   Thumb Code     0  startup_stm32f103xe.o(.text)
    TAMPER_IRQHandler                        0x0800015f   Thumb Code     0  startup_stm32f103xe.o(.text)
    TIM1_BRK_IRQHandler                      0x0800015f   Thumb Code     0  startup_stm32f103xe.o(.text)
    TIM1_CC_IRQHandler                       0x0800015f   Thumb Code     0  startup_stm32f103xe.o(.text)
    TIM1_TRG_COM_IRQHandler                  0x0800015f   Thumb Code     0  startup_stm32f103xe.o(.text)
    TIM1_UP_IRQHandler                       0x0800015f   Thumb Code     0  startup_stm32f103xe.o(.text)
    TIM2_IRQHandler                          0x0800015f   Thumb Code     0  startup_stm32f103xe.o(.text)
    TIM3_IRQHandler                          0x0800015f   Thumb Code     0  startup_stm32f103xe.o(.text)
    TIM4_IRQHandler                          0x0800015f   Thumb Code     0  startup_stm32f103xe.o(.text)
    TIM5_IRQHandler                          0x0800015f   Thumb Code     0  startup_stm32f103xe.o(.text)
    TIM6_IRQHandler                          0x0800015f   Thumb Code     0  startup_stm32f103xe.o(.text)
    TIM7_IRQHandler                          0x0800015f   Thumb Code     0  startup_stm32f103xe.o(.text)
    TIM8_BRK_IRQHandler                      0x0800015f   Thumb Code     0  startup_stm32f103xe.o(.text)
    TIM8_CC_IRQHandler                       0x0800015f   Thumb Code     0  startup_stm32f103xe.o(.text)
    TIM8_TRG_COM_IRQHandler                  0x0800015f   Thumb Code     0  startup_stm32f103xe.o(.text)
    TIM8_UP_IRQHandler                       0x0800015f   Thumb Code     0  startup_stm32f103xe.o(.text)
    UART4_IRQHandler                         0x0800015f   Thumb Code     0  startup_stm32f103xe.o(.text)
    UART5_IRQHandler                         0x0800015f   Thumb Code     0  startup_stm32f103xe.o(.text)
    USART1_IRQHandler                        0x0800015f   Thumb Code     0  startup_stm32f103xe.o(.text)
    USART2_IRQHandler                        0x0800015f   Thumb Code     0  startup_stm32f103xe.o(.text)
    USART3_IRQHandler                        0x0800015f   Thumb Code     0  startup_stm32f103xe.o(.text)
    USBWakeUp_IRQHandler                     0x0800015f   Thumb Code     0  startup_stm32f103xe.o(.text)
    USB_HP_CAN1_TX_IRQHandler                0x0800015f   Thumb Code     0  startup_stm32f103xe.o(.text)
    USB_LP_CAN1_RX0_IRQHandler               0x0800015f   Thumb Code     0  startup_stm32f103xe.o(.text)
    WWDG_IRQHandler                          0x0800015f   Thumb Code     0  startup_stm32f103xe.o(.text)
    __aeabi_llsr                             0x08000169   Thumb Code    32  llushr.o(.text)
    _ll_ushift_r                             0x08000169   Thumb Code     0  llushr.o(.text)
    __aeabi_memset                           0x08000189   Thumb Code    14  memseta.o(.text)
    __aeabi_memset4                          0x08000189   Thumb Code     0  memseta.o(.text)
    __aeabi_memset8                          0x08000189   Thumb Code     0  memseta.o(.text)
    __aeabi_memclr                           0x08000197   Thumb Code     4  memseta.o(.text)
    __aeabi_memclr4                          0x08000197   Thumb Code     0  memseta.o(.text)
    __aeabi_memclr8                          0x08000197   Thumb Code     0  memseta.o(.text)
    _memset$wrapper                          0x0800019b   Thumb Code    18  memseta.o(.text)
    __aeabi_fadd                             0x080001ad   Thumb Code   164  fadd.o(.text)
    __aeabi_fsub                             0x08000251   Thumb Code     6  fadd.o(.text)
    __aeabi_frsub                            0x08000257   Thumb Code     6  fadd.o(.text)
    __aeabi_fmul                             0x0800025d   Thumb Code   100  fmul.o(.text)
    __aeabi_fdiv                             0x080002c1   Thumb Code   124  fdiv.o(.text)
    __aeabi_dadd                             0x0800033d   Thumb Code   322  dadd.o(.text)
    __aeabi_dsub                             0x0800047f   Thumb Code     6  dadd.o(.text)
    __aeabi_drsub                            0x08000485   Thumb Code     6  dadd.o(.text)
    __aeabi_dmul                             0x0800048b   Thumb Code   228  dmul.o(.text)
    __aeabi_i2f                              0x0800056f   Thumb Code    18  fflti.o(.text)
    __aeabi_ui2f                             0x08000581   Thumb Code    10  ffltui.o(.text)
    __aeabi_f2iz                             0x0800058b   Thumb Code    50  ffixi.o(.text)
    __aeabi_f2d                              0x080005bd   Thumb Code    38  f2d.o(.text)
    __aeabi_d2f                              0x080005e3   Thumb Code    56  d2f.o(.text)
    __aeabi_cfrcmple                         0x0800061d   Thumb Code    20  cfrcmple.o(.text)
    __aeabi_llsl                             0x08000631   Thumb Code    30  llshl.o(.text)
    _ll_shift_l                              0x08000631   Thumb Code     0  llshl.o(.text)
    __aeabi_lasr                             0x0800064f   Thumb Code    36  llsshr.o(.text)
    _ll_sshift_r                             0x0800064f   Thumb Code     0  llsshr.o(.text)
    __I$use$fp                               0x08000673   Thumb Code     0  iusefp.o(.text)
    _float_round                             0x08000673   Thumb Code    18  fepilogue.o(.text)
    _float_epilogue                          0x08000685   Thumb Code    92  fepilogue.o(.text)
    _double_round                            0x080006e1   Thumb Code    30  depilogue.o(.text)
    _double_epilogue                         0x080006ff   Thumb Code   156  depilogue.o(.text)
    __scatterload                            0x0800079d   Thumb Code    28  init.o(.text)
    __scatterload_rt2                        0x0800079d   Thumb Code     0  init.o(.text)
    ADC1_2_IRQHandler                        0x080007c1   Thumb Code     6  stm32f1xx_it.o(i.ADC1_2_IRQHandler)
    ADC_ConversionStop_Disable               0x080007cd   Thumb Code    76  stm32f1xx_hal_adc.o(i.ADC_ConversionStop_Disable)
    ADC_Enable                               0x08000819   Thumb Code   104  stm32f1xx_hal_adc.o(i.ADC_Enable)
    BT_task                                  0x08000889   Thumb Code   134  bluetooth.o(i.BT_task)
    BusFault_Handler                         0x0800091d   Thumb Code     2  stm32f1xx_it.o(i.BusFault_Handler)
    Button_Servo                             0x0800091f   Thumb Code    46  ps2.o(i.Button_Servo)
    Check_mode                               0x0800094d   Thumb Code    92  main.o(i.Check_mode)
    Check_volt                               0x080009ad   Thumb Code    90  battery.o(i.Check_volt)
    DMA1_Channel6_IRQHandler                 0x08000a11   Thumb Code     6  stm32f1xx_it.o(i.DMA1_Channel6_IRQHandler)
    DMA1_Channel7_IRQHandler                 0x08000a1d   Thumb Code     6  stm32f1xx_it.o(i.DMA1_Channel7_IRQHandler)
    DebugMon_Handler                         0x08000a53   Thumb Code     2  stm32f1xx_it.o(i.DebugMon_Handler)
    EXTI15_10_IRQHandler                     0x08000a55   Thumb Code    52  motor.o(i.EXTI15_10_IRQHandler)
    EXTI1_IRQHandler                         0x08000a99   Thumb Code    54  ultrasonic.o(i.EXTI1_IRQHandler)
    EXTI2_IRQHandler                         0x08000ae1   Thumb Code    50  motor.o(i.EXTI2_IRQHandler)
    Error_Handler                            0x08000b25   Thumb Code     2  main.o(i.Error_Handler)
    Get_cnt                                  0x08000b29   Thumb Code    74  motor.o(i.Get_cnt)
    HAL_ADCEx_InjectedConvCpltCallback       0x08000b85   Thumb Code     2  stm32f1xx_hal_adc_ex.o(i.HAL_ADCEx_InjectedConvCpltCallback)
    HAL_ADC_ConfigChannel                    0x08000b89   Thumb Code   240  stm32f1xx_hal_adc.o(i.HAL_ADC_ConfigChannel)
    HAL_ADC_ConvCpltCallback                 0x08000c85   Thumb Code    36  battery.o(i.HAL_ADC_ConvCpltCallback)
    HAL_ADC_GetValue                         0x08000cad   Thumb Code     6  stm32f1xx_hal_adc.o(i.HAL_ADC_GetValue)
    HAL_ADC_IRQHandler                       0x08000cb3   Thumb Code   230  stm32f1xx_hal_adc.o(i.HAL_ADC_IRQHandler)
    HAL_ADC_Init                             0x08000d99   Thumb Code   272  stm32f1xx_hal_adc.o(i.HAL_ADC_Init)
    HAL_ADC_LevelOutOfWindowCallback         0x08000eb9   Thumb Code     2  stm32f1xx_hal_adc.o(i.HAL_ADC_LevelOutOfWindowCallback)
    HAL_ADC_MspInit                          0x08000ebd   Thumb Code    92  stm32f1xx_hal_msp.o(i.HAL_ADC_MspInit)
    HAL_ADC_Start_IT                         0x08000f25   Thumb Code   194  stm32f1xx_hal_adc.o(i.HAL_ADC_Start_IT)
    HAL_DMA_Abort_IT                         0x08000ff1   Thumb Code   296  stm32f1xx_hal_dma.o(i.HAL_DMA_Abort_IT)
    HAL_DMA_IRQHandler                       0x08001121   Thumb Code   552  stm32f1xx_hal_dma.o(i.HAL_DMA_IRQHandler)
    HAL_DMA_Init                             0x08001369   Thumb Code   112  stm32f1xx_hal_dma.o(i.HAL_DMA_Init)
    HAL_DMA_Start_IT                         0x080013e5   Thumb Code   112  stm32f1xx_hal_dma.o(i.HAL_DMA_Start_IT)
    HAL_Delay                                0x08001455   Thumb Code    32  stm32f1xx_hal.o(i.HAL_Delay)
    HAL_GPIO_Init                            0x08001479   Thumb Code   446  stm32f1xx_hal_gpio.o(i.HAL_GPIO_Init)
    HAL_GPIO_ReadPin                         0x08001661   Thumb Code    10  stm32f1xx_hal_gpio.o(i.HAL_GPIO_ReadPin)
    HAL_GPIO_TogglePin                       0x0800166b   Thumb Code     8  stm32f1xx_hal_gpio.o(i.HAL_GPIO_TogglePin)
    HAL_GPIO_WritePin                        0x08001673   Thumb Code    10  stm32f1xx_hal_gpio.o(i.HAL_GPIO_WritePin)
    HAL_GetTick                              0x0800167d   Thumb Code     6  stm32f1xx_hal.o(i.HAL_GetTick)
    HAL_I2C_AbortCpltCallback                0x08001689   Thumb Code     2  stm32f1xx_hal_i2c.o(i.HAL_I2C_AbortCpltCallback)
    HAL_I2C_AddrCallback                     0x0800168b   Thumb Code     2  stm32f1xx_hal_i2c.o(i.HAL_I2C_AddrCallback)
    HAL_I2C_EV_IRQHandler                    0x0800168d   Thumb Code   486  stm32f1xx_hal_i2c.o(i.HAL_I2C_EV_IRQHandler)
    HAL_I2C_ErrorCallback                    0x0800187d   Thumb Code     2  stm32f1xx_hal_i2c.o(i.HAL_I2C_ErrorCallback)
    HAL_I2C_Init                             0x08001881   Thumb Code   302  stm32f1xx_hal_i2c.o(i.HAL_I2C_Init)
    HAL_I2C_ListenCpltCallback               0x080019c1   Thumb Code     2  stm32f1xx_hal_i2c.o(i.HAL_I2C_ListenCpltCallback)
    HAL_I2C_MasterRxCpltCallback             0x080019c3   Thumb Code     2  stm32f1xx_hal_i2c.o(i.HAL_I2C_MasterRxCpltCallback)
    HAL_I2C_MasterTxCpltCallback             0x080019c5   Thumb Code     2  stm32f1xx_hal_i2c.o(i.HAL_I2C_MasterTxCpltCallback)
    HAL_I2C_Master_Transmit                  0x080019c9   Thumb Code   304  stm32f1xx_hal_i2c.o(i.HAL_I2C_Master_Transmit)
    HAL_I2C_MemRxCpltCallback                0x08001b01   Thumb Code     2  stm32f1xx_hal_i2c.o(i.HAL_I2C_MemRxCpltCallback)
    HAL_I2C_MemTxCpltCallback                0x08001b03   Thumb Code     2  stm32f1xx_hal_i2c.o(i.HAL_I2C_MemTxCpltCallback)
    HAL_I2C_Mem_Write                        0x08001b05   Thumb Code   306  stm32f1xx_hal_i2c.o(i.HAL_I2C_Mem_Write)
    HAL_I2C_MspInit                          0x08001c41   Thumb Code   112  stm32f1xx_hal_msp.o(i.HAL_I2C_MspInit)
    HAL_I2C_SlaveRxCpltCallback              0x08001cc1   Thumb Code     2  stm32f1xx_hal_i2c.o(i.HAL_I2C_SlaveRxCpltCallback)
    HAL_I2C_SlaveTxCpltCallback              0x08001cc3   Thumb Code     2  stm32f1xx_hal_i2c.o(i.HAL_I2C_SlaveTxCpltCallback)
    HAL_IncTick                              0x08001cc5   Thumb Code    12  stm32f1xx_hal.o(i.HAL_IncTick)
    HAL_Init                                 0x08001cd5   Thumb Code    32  stm32f1xx_hal.o(i.HAL_Init)
    HAL_InitTick                             0x08001cf9   Thumb Code    54  stm32f1xx_hal.o(i.HAL_InitTick)
    HAL_MspInit                              0x08001d39   Thumb Code    52  stm32f1xx_hal_msp.o(i.HAL_MspInit)
    HAL_NVIC_EnableIRQ                       0x08001d75   Thumb Code    22  stm32f1xx_hal_cortex.o(i.HAL_NVIC_EnableIRQ)
    HAL_NVIC_SetPriority                     0x08001d8d   Thumb Code    60  stm32f1xx_hal_cortex.o(i.HAL_NVIC_SetPriority)
    HAL_NVIC_SetPriorityGrouping             0x08001dcd   Thumb Code    26  stm32f1xx_hal_cortex.o(i.HAL_NVIC_SetPriorityGrouping)
    HAL_RCCEx_PeriphCLKConfig                0x08001df1   Thumb Code   224  stm32f1xx_hal_rcc_ex.o(i.HAL_RCCEx_PeriphCLKConfig)
    HAL_RCC_ClockConfig                      0x08001edd   Thumb Code   346  stm32f1xx_hal_rcc.o(i.HAL_RCC_ClockConfig)
    HAL_RCC_GetPCLK1Freq                     0x08002049   Thumb Code    20  stm32f1xx_hal_rcc.o(i.HAL_RCC_GetPCLK1Freq)
    HAL_RCC_GetPCLK2Freq                     0x08002069   Thumb Code    20  stm32f1xx_hal_rcc.o(i.HAL_RCC_GetPCLK2Freq)
    HAL_RCC_GetSysClockFreq                  0x08002089   Thumb Code    74  stm32f1xx_hal_rcc.o(i.HAL_RCC_GetSysClockFreq)
    HAL_RCC_OscConfig                        0x080020f5   Thumb Code   750  stm32f1xx_hal_rcc.o(i.HAL_RCC_OscConfig)
    HAL_SYSTICK_Config                       0x080023f9   Thumb Code    40  stm32f1xx_hal_cortex.o(i.HAL_SYSTICK_Config)
    HAL_TIMEx_ConfigBreakDeadTime            0x08002421   Thumb Code    90  stm32f1xx_hal_tim_ex.o(i.HAL_TIMEx_ConfigBreakDeadTime)
    HAL_TIMEx_MasterConfigSynchronization    0x0800247b   Thumb Code    80  stm32f1xx_hal_tim_ex.o(i.HAL_TIMEx_MasterConfigSynchronization)
    HAL_TIM_Base_Init                        0x080024cb   Thumb Code    54  stm32f1xx_hal_tim.o(i.HAL_TIM_Base_Init)
    HAL_TIM_Base_MspInit                     0x08002501   Thumb Code    74  stm32f1xx_hal_msp.o(i.HAL_TIM_Base_MspInit)
    HAL_TIM_ConfigClockSource                0x08002559   Thumb Code   242  stm32f1xx_hal_tim.o(i.HAL_TIM_ConfigClockSource)
    HAL_TIM_Encoder_Init                     0x0800264b   Thumb Code   150  stm32f1xx_hal_tim.o(i.HAL_TIM_Encoder_Init)
    HAL_TIM_Encoder_MspInit                  0x080026e1   Thumb Code   188  stm32f1xx_hal_msp.o(i.HAL_TIM_Encoder_MspInit)
    HAL_TIM_Encoder_Start                    0x080027b9   Thumb Code    52  stm32f1xx_hal_tim.o(i.HAL_TIM_Encoder_Start)
    HAL_TIM_MspPostInit                      0x080027ed   Thumb Code   124  stm32f1xx_hal_msp.o(i.HAL_TIM_MspPostInit)
    HAL_TIM_PWM_ConfigChannel                0x0800287d   Thumb Code   208  stm32f1xx_hal_tim.o(i.HAL_TIM_PWM_ConfigChannel)
    HAL_TIM_PWM_Init                         0x0800294d   Thumb Code    54  stm32f1xx_hal_tim.o(i.HAL_TIM_PWM_Init)
    HAL_TIM_PWM_MspInit                      0x08002983   Thumb Code     2  stm32f1xx_hal_tim.o(i.HAL_TIM_PWM_MspInit)
    HAL_TIM_PWM_Start                        0x08002985   Thumb Code    48  stm32f1xx_hal_tim.o(i.HAL_TIM_PWM_Start)
    HAL_UART_ErrorCallback                   0x080029bd   Thumb Code     2  stm32f1xx_hal_uart.o(i.HAL_UART_ErrorCallback)
    HAL_UART_Init                            0x080029bf   Thumb Code    98  stm32f1xx_hal_uart.o(i.HAL_UART_Init)
    HAL_UART_MspInit                         0x08002a21   Thumb Code   178  stm32f1xx_hal_msp.o(i.HAL_UART_MspInit)
    HAL_UART_Receive_DMA                     0x08002aed   Thumb Code   138  stm32f1xx_hal_uart.o(i.HAL_UART_Receive_DMA)
    HAL_UART_RxCpltCallback                  0x08002b85   Thumb Code    40  bluetooth.o(i.HAL_UART_RxCpltCallback)
    HAL_UART_RxHalfCpltCallback              0x08002bb9   Thumb Code     2  stm32f1xx_hal_uart.o(i.HAL_UART_RxHalfCpltCallback)
    HardFault_Handler                        0x08002bbb   Thumb Code     2  stm32f1xx_it.o(i.HardFault_Handler)
    I2C1_EV_IRQHandler                       0x08002bbd   Thumb Code     6  stm32f1xx_it.o(i.I2C1_EV_IRQHandler)
    InitMPU6050                              0x0800358f   Thumb Code    88  mpu9250.o(i.InitMPU6050)
    LL_GPIO_Init                             0x08003601   Thumb Code   240  stm32f1xx_ll_gpio.o(i.LL_GPIO_Init)
    LL_TIM_BDTR_Init                         0x0800371b   Thumb Code    58  stm32f1xx_ll_tim.o(i.LL_TIM_BDTR_Init)
    LL_TIM_Init                              0x08003755   Thumb Code   120  stm32f1xx_ll_tim.o(i.LL_TIM_Init)
    LL_TIM_OC_Init                           0x08003889   Thumb Code   446  stm32f1xx_ll_tim.o(i.LL_TIM_OC_Init)
    Led_task                                 0x08003aa1   Thumb Code    44  led.o(i.Led_task)
    MemManage_Handler                        0x080040e9   Thumb Code     2  stm32f1xx_it.o(i.MemManage_Handler)
    Motor_PID_Enable                         0x080040ed   Thumb Code    70  motor.o(i.Motor_PID_Enable)
    Motor_lock                               0x08004139   Thumb Code   102  motor.o(i.Motor_lock)
    Motor_task                               0x080041c9   Thumb Code  1364  motor.o(i.Motor_task)
    Msr_dist_task                            0x0800473d   Thumb Code    46  ultrasonic.o(i.Msr_dist_task)
    NMI_Handler                              0x08004775   Thumb Code     2  stm32f1xx_it.o(i.NMI_Handler)
    OLED_Clear                               0x08004797   Thumb Code    58  oled.o(i.OLED_Clear)
    OLED_Init                                0x080047d1   Thumb Code   234  oled.o(i.OLED_Init)
    OLED_Set_Pos                             0x080048bb   Thumb Code    42  oled.o(i.OLED_Set_Pos)
    OLED_ShowChar                            0x080048e5   Thumb Code   128  oled.o(i.OLED_ShowChar)
    OLED_ShowString                          0x0800496d   Thumb Code    54  oled.o(i.OLED_ShowString)
    PS2_ReadData                             0x080049dd   Thumb Code   154  ps2.o(i.PS2_ReadData)
    PendSV_Handler                           0x08004a89   Thumb Code     2  stm32f1xx_it.o(i.PendSV_Handler)
    Ps2_task                                 0x08004a8d   Thumb Code   262  ps2.o(i.Ps2_task)
    SVC_Handler                              0x08004ba1   Thumb Code     2  stm32f1xx_it.o(i.SVC_Handler)
    Set_Servo                                0x08004ba5   Thumb Code    64  servo.o(i.Set_Servo)
    Set_blink                                0x08004be9   Thumb Code    24  led.o(i.Set_blink)
    SysTick_Handler                          0x08004c09   Thumb Code     4  stm32f1xx_it.o(i.SysTick_Handler)
    SystemClock_Config                       0x08004c0d   Thumb Code   122  main.o(i.SystemClock_Config)
    SystemInit                               0x08004c89   Thumb Code    56  system_stm32f1xx.o(i.SystemInit)
    TIM_Base_SetConfig                       0x08004cd1   Thumb Code   120  stm32f1xx_hal_tim.o(i.TIM_Base_SetConfig)
    TIM_CCxChannelCmd                        0x08004d5d   Thumb Code    22  stm32f1xx_hal_tim.o(i.TIM_CCxChannelCmd)
    TIM_OC2_SetConfig                        0x08004df9   Thumb Code    98  stm32f1xx_hal_tim.o(i.TIM_OC2_SetConfig)
    UsageFault_Handler                       0x08005191   Thumb Code     2  stm32f1xx_it.o(i.UsageFault_Handler)
    __scatterload_copy                       0x08005193   Thumb Code    14  handlers.o(i.__scatterload_copy)
    __scatterload_null                       0x080051a1   Thumb Code     2  handlers.o(i.__scatterload_null)
    __scatterload_zeroinit                   0x080051a3   Thumb Code    14  handlers.o(i.__scatterload_zeroinit)
    cal_mecanum                              0x080051b1   Thumb Code   196  mecanum.o(i.cal_mecanum)
    main                                     0x08005279   Thumb Code   906  main.o(i.main)
    user_Motor_Init                          0x080057d5   Thumb Code   104  motor.o(i.user_Motor_Init)
    user_Servo_Init                          0x0800584d   Thumb Code    46  servo.o(i.user_Servo_Init)
    F6x8                                     0x0800588b   Data         552  oled.o(.constdata)
    F8X16                                    0x08005ab3   Data        1520  oled.o(.constdata)
    AHBPrescTable                            0x080060b1   Data          16  system_stm32f1xx.o(.constdata)
    APBPrescTable                            0x080060c1   Data           8  system_stm32f1xx.o(.constdata)
    Region$$Table$$Base                      0x080060cc   Number         0  anon$$obj.o(Region$$Table)
    Region$$Table$$Limit                     0x080060ec   Number         0  anon$$obj.o(Region$$Table)
    led_times                                0x20000000   Data           2  led.o(.data)
    led_period                               0x20000004   Data           4  led.o(.data)
    cnt1                                     0x2000000c   Data           2  motor.o(.data)
    ps2_busy                                 0x20000014   Data           1  ps2.o(.data)
    servo1                                   0x20000016   Data           2  ps2.o(.data)
    servo2                                   0x20000018   Data           2  ps2.o(.data)
    servo3                                   0x2000001a   Data           2  ps2.o(.data)
    ps2Txbuf                                 0x20000020   Data           9  ps2.o(.data)
    key                                      0x20000029   Data          16  ps2.o(.data)
    us_en                                    0x2000003c   Data           1  ultrasonic.o(.data)
    time_len                                 0x20000044   Data           4  ultrasonic.o(.data)
    voltbuf                                  0x20000050   Data          10  battery.o(.data)
    bt_cnt                                   0x2000005a   Data           1  bluetooth.o(.data)
    oled_en                                  0x2000005c   Data           1  main.o(.data)
    ctrlmode                                 0x2000005d   Data           1  main.o(.data)
    bat_vol                                  0x2000005e   Data           2  main.o(.data)
    common_mt_ctrl                           0x20000060   Data           4  main.o(.data)
    dist                                     0x20000064   Data           4  main.o(.data)
    uwTickFreq                               0x20000068   Data           1  stm32f1xx_hal.o(.data)
    uwTickPrio                               0x2000006c   Data           4  stm32f1xx_hal.o(.data)
    uwTick                                   0x20000070   Data           4  stm32f1xx_hal.o(.data)
    SystemCoreClock                          0x20000074   Data           4  system_stm32f1xx.o(.data)
    currerr                                  0x20000078   Data          16  motor.o(.bss)
    ps2Rxbuf                                 0x20000088   Data           9  ps2.o(.bss)
    btRxbuf                                  0x20000091   Data          10  bluetooth.o(.bss)
    motors                                   0x2000009c   Data         160  main.o(.bss)
    speed_xyr                                0x2000013c   Data          12  main.o(.bss)
    hadc1                                    0x20000148   Data          48  main.o(.bss)
    hi2c1                                    0x20000178   Data          84  main.o(.bss)
    htim2                                    0x200001cc   Data          64  main.o(.bss)
    htim3                                    0x2000020c   Data          64  main.o(.bss)
    htim4                                    0x2000024c   Data          64  main.o(.bss)
    htim5                                    0x2000028c   Data          64  main.o(.bss)
    htim6                                    0x200002cc   Data          64  main.o(.bss)
    htim8                                    0x2000030c   Data          64  main.o(.bss)
    huart2                                   0x2000034c   Data          64  main.o(.bss)
    hdma_usart2_rx                           0x2000038c   Data          68  main.o(.bss)
    hdma_usart2_tx                           0x200003d0   Data          68  main.o(.bss)
    __initial_sp                             0x20000818   Data           0  startup_stm32f103xe.o(STACK)



==============================================================================

Memory Map of the image

  Image Entry point : 0x08000131

  Load Region LR_IROM1 (Base: 0x08000000, Size: 0x00006164, Max: 0x00010000, ABSOLUTE)

    Execution Region ER_IROM1 (Exec base: 0x08000000, Load base: 0x08000000, Size: 0x000060ec, Max: 0x00010000, ABSOLUTE)

    Exec Addr    Load Addr    Size         Type   Attr      Idx    E Section Name        Object

    0x08000000   0x08000000   0x00000130   Data   RO            3    RESET               startup_stm32f103xe.o
    0x08000130   0x08000130   0x00000000   Code   RO         4244  * .ARM.Collect$$$$00000000  mc_w.l(entry.o)
    0x08000130   0x08000130   0x00000004   Code   RO         4279    .ARM.Collect$$$$00000001  mc_w.l(entry2.o)
    0x08000134   0x08000134   0x00000004   Code   RO         4282    .ARM.Collect$$$$00000004  mc_w.l(entry5.o)
    0x08000138   0x08000138   0x00000000   Code   RO         4284    .ARM.Collect$$$$00000008  mc_w.l(entry7b.o)
    0x08000138   0x08000138   0x00000000   Code   RO         4286    .ARM.Collect$$$$0000000A  mc_w.l(entry8b.o)
    0x08000138   0x08000138   0x00000008   Code   RO         4287    .ARM.Collect$$$$0000000B  mc_w.l(entry9a.o)
    0x08000140   0x08000140   0x00000000   Code   RO         4289    .ARM.Collect$$$$0000000D  mc_w.l(entry10a.o)
    0x08000140   0x08000140   0x00000000   Code   RO         4291    .ARM.Collect$$$$0000000F  mc_w.l(entry11a.o)
    0x08000140   0x08000140   0x00000004   Code   RO         4280    .ARM.Collect$$$$00002712  mc_w.l(entry2.o)
    0x08000144   0x08000144   0x00000024   Code   RO            4    .text               startup_stm32f103xe.o
    0x08000168   0x08000168   0x00000020   Code   RO         4247    .text               mc_w.l(llushr.o)
    0x08000188   0x08000188   0x00000024   Code   RO         4249    .text               mc_w.l(memseta.o)
    0x080001ac   0x080001ac   0x000000b0   Code   RO         4251    .text               mf_w.l(fadd.o)
    0x0800025c   0x0800025c   0x00000064   Code   RO         4253    .text               mf_w.l(fmul.o)
    0x080002c0   0x080002c0   0x0000007c   Code   RO         4255    .text               mf_w.l(fdiv.o)
    0x0800033c   0x0800033c   0x0000014e   Code   RO         4257    .text               mf_w.l(dadd.o)
    0x0800048a   0x0800048a   0x000000e4   Code   RO         4259    .text               mf_w.l(dmul.o)
    0x0800056e   0x0800056e   0x00000012   Code   RO         4263    .text               mf_w.l(fflti.o)
    0x08000580   0x08000580   0x0000000a   Code   RO         4265    .text               mf_w.l(ffltui.o)
    0x0800058a   0x0800058a   0x00000032   Code   RO         4269    .text               mf_w.l(ffixi.o)
    0x080005bc   0x080005bc   0x00000026   Code   RO         4273    .text               mf_w.l(f2d.o)
    0x080005e2   0x080005e2   0x00000038   Code   RO         4275    .text               mf_w.l(d2f.o)
    0x0800061a   0x0800061a   0x00000002   PAD
    0x0800061c   0x0800061c   0x00000014   Code   RO         4277    .text               mf_w.l(cfrcmple.o)
    0x08000630   0x08000630   0x0000001e   Code   RO         4293    .text               mc_w.l(llshl.o)
    0x0800064e   0x0800064e   0x00000024   Code   RO         4295    .text               mc_w.l(llsshr.o)
    0x08000672   0x08000672   0x00000000   Code   RO         4297    .text               mc_w.l(iusefp.o)
    0x08000672   0x08000672   0x0000006e   Code   RO         4298    .text               mf_w.l(fepilogue.o)
    0x080006e0   0x080006e0   0x000000ba   Code   RO         4300    .text               mf_w.l(depilogue.o)
    0x0800079a   0x0800079a   0x00000002   PAD
    0x0800079c   0x0800079c   0x00000024   Code   RO         4302    .text               mc_w.l(init.o)
    0x080007c0   0x080007c0   0x0000000c   Code   RO          799    i.ADC1_2_IRQHandler  stm32f1xx_it.o
    0x080007cc   0x080007cc   0x0000004c   Code   RO         1026    i.ADC_ConversionStop_Disable  stm32f1xx_hal_adc.o
    0x08000818   0x08000818   0x00000070   Code   RO         1030    i.ADC_Enable        stm32f1xx_hal_adc.o
    0x08000888   0x08000888   0x00000094   Code   RO          575    i.BT_task           bluetooth.o
    0x0800091c   0x0800091c   0x00000002   Code   RO          800    i.BusFault_Handler  stm32f1xx_it.o
    0x0800091e   0x0800091e   0x0000002e   Code   RO          297    i.Button_Servo      ps2.o
    0x0800094c   0x0800094c   0x00000060   Code   RO          669    i.Check_mode        main.o
    0x080009ac   0x080009ac   0x00000064   Code   RO          503    i.Check_volt        battery.o
    0x08000a10   0x08000a10   0x0000000c   Code   RO          801    i.DMA1_Channel6_IRQHandler  stm32f1xx_it.o
    0x08000a1c   0x08000a1c   0x0000000c   Code   RO          802    i.DMA1_Channel7_IRQHandler  stm32f1xx_it.o
    0x08000a28   0x08000a28   0x0000002a   Code   RO         3491    i.DMA_SetConfig     stm32f1xx_hal_dma.o
    0x08000a52   0x08000a52   0x00000002   Code   RO          803    i.DebugMon_Handler  stm32f1xx_it.o
    0x08000a54   0x08000a54   0x00000044   Code   RO          207    i.EXTI15_10_IRQHandler  motor.o
    0x08000a98   0x08000a98   0x00000048   Code   RO          353    i.EXTI1_IRQHandler  ultrasonic.o
    0x08000ae0   0x08000ae0   0x00000044   Code   RO          208    i.EXTI2_IRQHandler  motor.o
    0x08000b24   0x08000b24   0x00000002   Code   RO          670    i.Error_Handler     main.o
    0x08000b26   0x08000b26   0x00000002   PAD
    0x08000b28   0x08000b28   0x0000005c   Code   RO          209    i.Get_cnt           motor.o
    0x08000b84   0x08000b84   0x00000002   Code   RO         1208    i.HAL_ADCEx_InjectedConvCpltCallback  stm32f1xx_hal_adc_ex.o
    0x08000b86   0x08000b86   0x00000002   PAD
    0x08000b88   0x08000b88   0x000000fc   Code   RO         1032    i.HAL_ADC_ConfigChannel  stm32f1xx_hal_adc.o
    0x08000c84   0x08000c84   0x00000028   Code   RO          504    i.HAL_ADC_ConvCpltCallback  battery.o
    0x08000cac   0x08000cac   0x00000006   Code   RO         1039    i.HAL_ADC_GetValue  stm32f1xx_hal_adc.o
    0x08000cb2   0x08000cb2   0x000000e6   Code   RO         1040    i.HAL_ADC_IRQHandler  stm32f1xx_hal_adc.o
    0x08000d98   0x08000d98   0x00000120   Code   RO         1041    i.HAL_ADC_Init      stm32f1xx_hal_adc.o
    0x08000eb8   0x08000eb8   0x00000002   Code   RO         1042    i.HAL_ADC_LevelOutOfWindowCallback  stm32f1xx_hal_adc.o
    0x08000eba   0x08000eba   0x00000002   PAD
    0x08000ebc   0x08000ebc   0x00000068   Code   RO          900    i.HAL_ADC_MspInit   stm32f1xx_hal_msp.o
    0x08000f24   0x08000f24   0x000000cc   Code   RO         1049    i.HAL_ADC_Start_IT  stm32f1xx_hal_adc.o
    0x08000ff0   0x08000ff0   0x00000130   Code   RO         3493    i.HAL_DMA_Abort_IT  stm32f1xx_hal_dma.o
    0x08001120   0x08001120   0x00000248   Code   RO         3497    i.HAL_DMA_IRQHandler  stm32f1xx_hal_dma.o
    0x08001368   0x08001368   0x0000007c   Code   RO         3498    i.HAL_DMA_Init      stm32f1xx_hal_dma.o
    0x080013e4   0x080013e4   0x00000070   Code   RO         3502    i.HAL_DMA_Start_IT  stm32f1xx_hal_dma.o
    0x08001454   0x08001454   0x00000024   Code   RO         3132    i.HAL_Delay         stm32f1xx_hal.o
    0x08001478   0x08001478   0x000001e8   Code   RO         3428    i.HAL_GPIO_Init     stm32f1xx_hal_gpio.o
    0x08001660   0x08001660   0x0000000a   Code   RO         3430    i.HAL_GPIO_ReadPin  stm32f1xx_hal_gpio.o
    0x0800166a   0x0800166a   0x00000008   Code   RO         3431    i.HAL_GPIO_TogglePin  stm32f1xx_hal_gpio.o
    0x08001672   0x08001672   0x0000000a   Code   RO         3432    i.HAL_GPIO_WritePin  stm32f1xx_hal_gpio.o
    0x0800167c   0x0800167c   0x0000000c   Code   RO         3136    i.HAL_GetTick       stm32f1xx_hal.o
    0x08001688   0x08001688   0x00000002   Code   RO         1302    i.HAL_I2C_AbortCpltCallback  stm32f1xx_hal_i2c.o
    0x0800168a   0x0800168a   0x00000002   Code   RO         1303    i.HAL_I2C_AddrCallback  stm32f1xx_hal_i2c.o
    0x0800168c   0x0800168c   0x000001f0   Code   RO         1307    i.HAL_I2C_EV_IRQHandler  stm32f1xx_hal_i2c.o
    0x0800187c   0x0800187c   0x00000002   Code   RO         1309    i.HAL_I2C_ErrorCallback  stm32f1xx_hal_i2c.o
    0x0800187e   0x0800187e   0x00000002   PAD
    0x08001880   0x08001880   0x00000140   Code   RO         1313    i.HAL_I2C_Init      stm32f1xx_hal_i2c.o
    0x080019c0   0x080019c0   0x00000002   Code   RO         1315    i.HAL_I2C_ListenCpltCallback  stm32f1xx_hal_i2c.o
    0x080019c2   0x080019c2   0x00000002   Code   RO         1316    i.HAL_I2C_MasterRxCpltCallback  stm32f1xx_hal_i2c.o
    0x080019c4   0x080019c4   0x00000002   Code   RO         1317    i.HAL_I2C_MasterTxCpltCallback  stm32f1xx_hal_i2c.o
    0x080019c6   0x080019c6   0x00000002   PAD
    0x080019c8   0x080019c8   0x00000138   Code   RO         1324    i.HAL_I2C_Master_Transmit  stm32f1xx_hal_i2c.o
    0x08001b00   0x08001b00   0x00000002   Code   RO         1327    i.HAL_I2C_MemRxCpltCallback  stm32f1xx_hal_i2c.o
    0x08001b02   0x08001b02   0x00000002   Code   RO         1328    i.HAL_I2C_MemTxCpltCallback  stm32f1xx_hal_i2c.o
    0x08001b04   0x08001b04   0x0000013c   Code   RO         1332    i.HAL_I2C_Mem_Write  stm32f1xx_hal_i2c.o
    0x08001c40   0x08001c40   0x00000080   Code   RO          902    i.HAL_I2C_MspInit   stm32f1xx_hal_msp.o
    0x08001cc0   0x08001cc0   0x00000002   Code   RO         1337    i.HAL_I2C_SlaveRxCpltCallback  stm32f1xx_hal_i2c.o
    0x08001cc2   0x08001cc2   0x00000002   Code   RO         1338    i.HAL_I2C_SlaveTxCpltCallback  stm32f1xx_hal_i2c.o
    0x08001cc4   0x08001cc4   0x00000010   Code   RO         3140    i.HAL_IncTick       stm32f1xx_hal.o
    0x08001cd4   0x08001cd4   0x00000024   Code   RO         3141    i.HAL_Init          stm32f1xx_hal.o
    0x08001cf8   0x08001cf8   0x00000040   Code   RO         3142    i.HAL_InitTick      stm32f1xx_hal.o
    0x08001d38   0x08001d38   0x0000003c   Code   RO          903    i.HAL_MspInit       stm32f1xx_hal_msp.o
    0x08001d74   0x08001d74   0x00000016   Code   RO         3588    i.HAL_NVIC_EnableIRQ  stm32f1xx_hal_cortex.o
    0x08001d8a   0x08001d8a   0x00000002   PAD
    0x08001d8c   0x08001d8c   0x00000040   Code   RO         3594    i.HAL_NVIC_SetPriority  stm32f1xx_hal_cortex.o
    0x08001dcc   0x08001dcc   0x00000024   Code   RO         3595    i.HAL_NVIC_SetPriorityGrouping  stm32f1xx_hal_cortex.o
    0x08001df0   0x08001df0   0x000000ec   Code   RO         3391    i.HAL_RCCEx_PeriphCLKConfig  stm32f1xx_hal_rcc_ex.o
    0x08001edc   0x08001edc   0x0000016c   Code   RO         3288    i.HAL_RCC_ClockConfig  stm32f1xx_hal_rcc.o
    0x08002048   0x08002048   0x00000020   Code   RO         3295    i.HAL_RCC_GetPCLK1Freq  stm32f1xx_hal_rcc.o
    0x08002068   0x08002068   0x00000020   Code   RO         3296    i.HAL_RCC_GetPCLK2Freq  stm32f1xx_hal_rcc.o
    0x08002088   0x08002088   0x0000006c   Code   RO         3297    i.HAL_RCC_GetSysClockFreq  stm32f1xx_hal_rcc.o
    0x080020f4   0x080020f4   0x00000304   Code   RO         3300    i.HAL_RCC_OscConfig  stm32f1xx_hal_rcc.o
    0x080023f8   0x080023f8   0x00000028   Code   RO         3599    i.HAL_SYSTICK_Config  stm32f1xx_hal_cortex.o
    0x08002420   0x08002420   0x0000005a   Code   RO         2363    i.HAL_TIMEx_ConfigBreakDeadTime  stm32f1xx_hal_tim_ex.o
    0x0800247a   0x0800247a   0x00000050   Code   RO         2378    i.HAL_TIMEx_MasterConfigSynchronization  stm32f1xx_hal_tim_ex.o
    0x080024ca   0x080024ca   0x00000036   Code   RO         1732    i.HAL_TIM_Base_Init  stm32f1xx_hal_tim.o
    0x08002500   0x08002500   0x00000058   Code   RO          905    i.HAL_TIM_Base_MspInit  stm32f1xx_hal_msp.o
    0x08002558   0x08002558   0x000000f2   Code   RO         1741    i.HAL_TIM_ConfigClockSource  stm32f1xx_hal_tim.o
    0x0800264a   0x0800264a   0x00000096   Code   RO         1750    i.HAL_TIM_Encoder_Init  stm32f1xx_hal_tim.o
    0x080026e0   0x080026e0   0x000000d8   Code   RO          907    i.HAL_TIM_Encoder_MspInit  stm32f1xx_hal_msp.o
    0x080027b8   0x080027b8   0x00000034   Code   RO         1753    i.HAL_TIM_Encoder_Start  stm32f1xx_hal_tim.o
    0x080027ec   0x080027ec   0x00000090   Code   RO          908    i.HAL_TIM_MspPostInit  stm32f1xx_hal_msp.o
    0x0800287c   0x0800287c   0x000000d0   Code   RO         1798    i.HAL_TIM_PWM_ConfigChannel  stm32f1xx_hal_tim.o
    0x0800294c   0x0800294c   0x00000036   Code   RO         1801    i.HAL_TIM_PWM_Init  stm32f1xx_hal_tim.o
    0x08002982   0x08002982   0x00000002   Code   RO         1803    i.HAL_TIM_PWM_MspInit  stm32f1xx_hal_tim.o
    0x08002984   0x08002984   0x00000038   Code   RO         1805    i.HAL_TIM_PWM_Start  stm32f1xx_hal_tim.o
    0x080029bc   0x080029bc   0x00000002   Code   RO         2820    i.HAL_UART_ErrorCallback  stm32f1xx_hal_uart.o
    0x080029be   0x080029be   0x00000062   Code   RO         2824    i.HAL_UART_Init     stm32f1xx_hal_uart.o
    0x08002a20   0x08002a20   0x000000cc   Code   RO          910    i.HAL_UART_MspInit  stm32f1xx_hal_msp.o
    0x08002aec   0x08002aec   0x00000098   Code   RO         2828    i.HAL_UART_Receive_DMA  stm32f1xx_hal_uart.o
    0x08002b84   0x08002b84   0x00000034   Code   RO          576    i.HAL_UART_RxCpltCallback  bluetooth.o
    0x08002bb8   0x08002bb8   0x00000002   Code   RO         2831    i.HAL_UART_RxHalfCpltCallback  stm32f1xx_hal_uart.o
    0x08002bba   0x08002bba   0x00000002   Code   RO          804    i.HardFault_Handler  stm32f1xx_it.o
    0x08002bbc   0x08002bbc   0x0000000c   Code   RO          805    i.I2C1_EV_IRQHandler  stm32f1xx_it.o
    0x08002bc8   0x08002bc8   0x00000020   Code   RO          614    i.I2C_ByteWrite     mpu9250.o
    0x08002be8   0x08002be8   0x0000004e   Code   RO         1347    i.I2C_DMAAbort      stm32f1xx_hal_i2c.o
    0x08002c36   0x08002c36   0x00000002   PAD
    0x08002c38   0x08002c38   0x00000124   Code   RO         1350    i.I2C_ITError       stm32f1xx_hal_i2c.o
    0x08002d5c   0x08002d5c   0x00000028   Code   RO         1351    i.I2C_IsAcknowledgeFailed  stm32f1xx_hal_i2c.o
    0x08002d84   0x08002d84   0x000000c8   Code   RO         1352    i.I2C_MasterReceive_BTF  stm32f1xx_hal_i2c.o
    0x08002e4c   0x08002e4c   0x000000ae   Code   RO         1353    i.I2C_MasterReceive_RXNE  stm32f1xx_hal_i2c.o
    0x08002efa   0x08002efa   0x00000002   PAD
    0x08002efc   0x08002efc   0x00000094   Code   RO         1355    i.I2C_MasterRequestWrite  stm32f1xx_hal_i2c.o
    0x08002f90   0x08002f90   0x00000080   Code   RO         1356    i.I2C_MasterTransmit_BTF  stm32f1xx_hal_i2c.o
    0x08003010   0x08003010   0x00000108   Code   RO         1357    i.I2C_MasterTransmit_TXE  stm32f1xx_hal_i2c.o
    0x08003118   0x08003118   0x0000011a   Code   RO         1358    i.I2C_Master_ADDR   stm32f1xx_hal_i2c.o
    0x08003232   0x08003232   0x0000005a   Code   RO         1359    i.I2C_Master_SB     stm32f1xx_hal_i2c.o
    0x0800328c   0x0800328c   0x000000a0   Code   RO         1361    i.I2C_RequestMemoryWrite  stm32f1xx_hal_i2c.o
    0x0800332c   0x0800332c   0x000000dc   Code   RO         1363    i.I2C_Slave_STOPF   stm32f1xx_hal_i2c.o
    0x08003408   0x08003408   0x0000004e   Code   RO         1364    i.I2C_WaitOnBTFFlagUntilTimeout  stm32f1xx_hal_i2c.o
    0x08003456   0x08003456   0x00000060   Code   RO         1365    i.I2C_WaitOnFlagUntilTimeout  stm32f1xx_hal_i2c.o
    0x080034b6   0x080034b6   0x00000002   PAD
    0x080034b8   0x080034b8   0x00000088   Code   RO         1366    i.I2C_WaitOnMasterAddressFlagUntilTimeout  stm32f1xx_hal_i2c.o
    0x08003540   0x08003540   0x0000004e   Code   RO         1368    i.I2C_WaitOnTXEFlagUntilTimeout  stm32f1xx_hal_i2c.o
    0x0800358e   0x0800358e   0x00000058   Code   RO          615    i.InitMPU6050       mpu9250.o
    0x080035e6   0x080035e6   0x00000002   PAD
    0x080035e8   0x080035e8   0x00000018   Code   RO          671    i.LL_APB2_GRP1_EnableClock  main.o
    0x08003600   0x08003600   0x000000f0   Code   RO         2709    i.LL_GPIO_Init      stm32f1xx_ll_gpio.o
    0x080036f0   0x080036f0   0x0000002a   Code   RO          210    i.LL_GPIO_SetPinMode  motor.o
    0x0800371a   0x0800371a   0x0000003a   Code   RO         2596    i.LL_TIM_BDTR_Init  stm32f1xx_ll_tim.o
    0x08003754   0x08003754   0x0000008c   Code   RO         2605    i.LL_TIM_Init       stm32f1xx_ll_tim.o
    0x080037e0   0x080037e0   0x00000054   Code   RO          672    i.LL_TIM_OC_DisableFast  main.o
    0x08003834   0x08003834   0x00000054   Code   RO          673    i.LL_TIM_OC_EnablePreload  main.o
    0x08003888   0x08003888   0x000001c8   Code   RO         2606    i.LL_TIM_OC_Init    stm32f1xx_ll_tim.o
    0x08003a50   0x08003a50   0x00000050   Code   RO          211    i.LL_TIM_OC_SetPolarity  motor.o
    0x08003aa0   0x08003aa0   0x00000034   Code   RO           13    i.Led_task          led.o
    0x08003ad4   0x08003ad4   0x0000004c   Code   RO          674    i.MX_ADC1_Init      main.o
    0x08003b20   0x08003b20   0x000001b0   Code   RO          675    i.MX_GPIO_Init      main.o
    0x08003cd0   0x08003cd0   0x00000160   Code   RO          676    i.MX_TIM1_Init      main.o
    0x08003e30   0x08003e30   0x00000094   Code   RO          677    i.MX_TIM2_Init      main.o
    0x08003ec4   0x08003ec4   0x00000068   Code   RO          678    i.MX_TIM3_Init      main.o
    0x08003f2c   0x08003f2c   0x00000068   Code   RO          679    i.MX_TIM4_Init      main.o
    0x08003f94   0x08003f94   0x00000068   Code   RO          680    i.MX_TIM5_Init      main.o
    0x08003ffc   0x08003ffc   0x000000ec   Code   RO          681    i.MX_TIM8_Init      main.o
    0x080040e8   0x080040e8   0x00000002   Code   RO          806    i.MemManage_Handler  stm32f1xx_it.o
    0x080040ea   0x080040ea   0x00000002   PAD
    0x080040ec   0x080040ec   0x0000004c   Code   RO          212    i.Motor_PID_Enable  motor.o
    0x08004138   0x08004138   0x00000090   Code   RO          213    i.Motor_lock        motor.o
    0x080041c8   0x080041c8   0x00000574   Code   RO          214    i.Motor_task        motor.o
    0x0800473c   0x0800473c   0x00000038   Code   RO          354    i.Msr_dist_task     ultrasonic.o
    0x08004774   0x08004774   0x00000002   Code   RO          807    i.NMI_Handler       stm32f1xx_it.o
    0x08004776   0x08004776   0x00000020   Code   RO         3601    i.NVIC_SetPriority  stm32f1xx_hal_cortex.o
    0x08004796   0x08004796   0x0000003a   Code   RO          392    i.OLED_Clear        oled.o
    0x080047d0   0x080047d0   0x000000ea   Code   RO          396    i.OLED_Init         oled.o
    0x080048ba   0x080048ba   0x0000002a   Code   RO          398    i.OLED_Set_Pos      oled.o
    0x080048e4   0x080048e4   0x00000088   Code   RO          400    i.OLED_ShowChar     oled.o
    0x0800496c   0x0800496c   0x00000036   Code   RO          402    i.OLED_ShowString   oled.o
    0x080049a2   0x080049a2   0x00000002   PAD
    0x080049a4   0x080049a4   0x00000038   Code   RO          403    i.OLED_WR_Byte      oled.o
    0x080049dc   0x080049dc   0x000000ac   Code   RO          298    i.PS2_ReadData      ps2.o
    0x08004a88   0x08004a88   0x00000002   Code   RO          808    i.PendSV_Handler    stm32f1xx_it.o
    0x08004a8a   0x08004a8a   0x00000002   PAD
    0x08004a8c   0x08004a8c   0x00000114   Code   RO          299    i.Ps2_task          ps2.o
    0x08004ba0   0x08004ba0   0x00000002   Code   RO          809    i.SVC_Handler       stm32f1xx_it.o
    0x08004ba2   0x08004ba2   0x00000002   PAD
    0x08004ba4   0x08004ba4   0x00000044   Code   RO          544    i.Set_Servo         servo.o
    0x08004be8   0x08004be8   0x00000020   Code   RO           14    i.Set_blink         led.o
    0x08004c08   0x08004c08   0x00000004   Code   RO          810    i.SysTick_Handler   stm32f1xx_it.o
    0x08004c0c   0x08004c0c   0x0000007a   Code   RO          682    i.SystemClock_Config  main.o
    0x08004c86   0x08004c86   0x00000002   PAD
    0x08004c88   0x08004c88   0x00000048   Code   RO         4210    i.SystemInit        system_stm32f1xx.o
    0x08004cd0   0x08004cd0   0x0000008c   Code   RO         1816    i.TIM_Base_SetConfig  stm32f1xx_hal_tim.o
    0x08004d5c   0x08004d5c   0x00000016   Code   RO         1817    i.TIM_CCxChannelCmd  stm32f1xx_hal_tim.o
    0x08004d72   0x08004d72   0x00000014   Code   RO         1823    i.TIM_ETR_SetConfig  stm32f1xx_hal_tim.o
    0x08004d86   0x08004d86   0x00000010   Code   RO         1824    i.TIM_ITRx_SetConfig  stm32f1xx_hal_tim.o
    0x08004d96   0x08004d96   0x00000002   PAD
    0x08004d98   0x08004d98   0x00000060   Code   RO         1825    i.TIM_OC1_SetConfig  stm32f1xx_hal_tim.o
    0x08004df8   0x08004df8   0x0000006c   Code   RO         1826    i.TIM_OC2_SetConfig  stm32f1xx_hal_tim.o
    0x08004e64   0x08004e64   0x00000068   Code   RO         1827    i.TIM_OC3_SetConfig  stm32f1xx_hal_tim.o
    0x08004ecc   0x08004ecc   0x00000050   Code   RO         1828    i.TIM_OC4_SetConfig  stm32f1xx_hal_tim.o
    0x08004f1c   0x08004f1c   0x00000022   Code   RO         1830    i.TIM_TI1_ConfigInputStage  stm32f1xx_hal_tim.o
    0x08004f3e   0x08004f3e   0x00000024   Code   RO         1832    i.TIM_TI2_ConfigInputStage  stm32f1xx_hal_tim.o
    0x08004f62   0x08004f62   0x0000004a   Code   RO         2838    i.UART_DMAError     stm32f1xx_hal_uart.o
    0x08004fac   0x08004fac   0x0000003c   Code   RO         2839    i.UART_DMAReceiveCplt  stm32f1xx_hal_uart.o
    0x08004fe8   0x08004fe8   0x0000000a   Code   RO         2841    i.UART_DMARxHalfCplt  stm32f1xx_hal_uart.o
    0x08004ff2   0x08004ff2   0x0000001c   Code   RO         2847    i.UART_EndRxTransfer  stm32f1xx_hal_uart.o
    0x0800500e   0x0800500e   0x00000012   Code   RO         2848    i.UART_EndTxTransfer  stm32f1xx_hal_uart.o
    0x08005020   0x08005020   0x00000170   Code   RO         2850    i.UART_SetConfig    stm32f1xx_hal_uart.o
    0x08005190   0x08005190   0x00000002   Code   RO          811    i.UsageFault_Handler  stm32f1xx_it.o
    0x08005192   0x08005192   0x0000000e   Code   RO         4306    i.__scatterload_copy  mc_w.l(handlers.o)
    0x080051a0   0x080051a0   0x00000002   Code   RO         4307    i.__scatterload_null  mc_w.l(handlers.o)
    0x080051a2   0x080051a2   0x0000000e   Code   RO         4308    i.__scatterload_zeroinit  mc_w.l(handlers.o)
    0x080051b0   0x080051b0   0x000000c8   Code   RO          174    i.cal_mecanum       mecanum.o
    0x08005278   0x08005278   0x00000404   Code   RO          683    i.main              main.o
    0x0800567c   0x0800567c   0x0000013c   Code   RO          215    i.pid_Motor_Init    motor.o
    0x080057b8   0x080057b8   0x0000000e   Code   RO          300    i.uDelay            ps2.o
    0x080057c6   0x080057c6   0x0000000e   Code   RO          684    i.uDelay            main.o
    0x080057d4   0x080057d4   0x00000078   Code   RO          216    i.user_Motor_Init   motor.o
    0x0800584c   0x0800584c   0x00000038   Code   RO          545    i.user_Servo_Init   servo.o
    0x08005884   0x08005884   0x00000007   Data   RO          218    .constdata          motor.o
    0x0800588b   0x0800588b   0x00000818   Data   RO          406    .constdata          oled.o
    0x080060a3   0x080060a3   0x0000000e   Data   RO          690    .constdata          main.o
    0x080060b1   0x080060b1   0x00000010   Data   RO         4211    .constdata          system_stm32f1xx.o
    0x080060c1   0x080060c1   0x00000008   Data   RO         4212    .constdata          system_stm32f1xx.o
    0x080060c9   0x080060c9   0x00000003   PAD
    0x080060cc   0x080060cc   0x00000020   Data   RO         4304    Region$$Table       anon$$obj.o


    Execution Region RW_IRAM1 (Exec base: 0x20000000, Load base: 0x080060ec, Size: 0x00000818, Max: 0x00005000, ABSOLUTE)

    Exec Addr    Load Addr    Size         Type   Attr      Idx    E Section Name        Object

    0x20000000   0x080060ec   0x0000000c   Data   RW           15    .data               led.o
    0x2000000c   0x080060f8   0x00000008   Data   RW          219    .data               motor.o
    0x20000014   0x08006100   0x00000025   Data   RW          302    .data               ps2.o
    0x20000039   0x08006125   0x00000003   PAD
    0x2000003c   0x08006128   0x0000000c   Data   RW          355    .data               ultrasonic.o
    0x20000048   0x08006134   0x00000012   Data   RW          505    .data               battery.o
    0x2000005a   0x08006146   0x00000001   Data   RW          578    .data               bluetooth.o
    0x2000005b   0x08006147   0x00000001   PAD
    0x2000005c   0x08006148   0x0000000c   Data   RW          691    .data               main.o
    0x20000068   0x08006154   0x0000000c   Data   RW         3148    .data               stm32f1xx_hal.o
    0x20000074   0x08006160   0x00000004   Data   RW         4213    .data               system_stm32f1xx.o
    0x20000078        -       0x00000010   Zero   RW          217    .bss                motor.o
    0x20000088        -       0x00000009   Zero   RW          301    .bss                ps2.o
    0x20000091        -       0x0000000a   Zero   RW          577    .bss                bluetooth.o
    0x2000009b   0x08006164   0x00000001   PAD
    0x2000009c        -       0x000002f0   Zero   RW          685    .bss                main.o
    0x2000038c        -       0x00000044   Zero   RW          687    .bss                main.o
    0x200003d0        -       0x00000044   Zero   RW          688    .bss                main.o
    0x20000414   0x08006164   0x00000004   PAD
    0x20000418        -       0x00000400   Zero   RW            1    STACK               startup_stm32f103xe.o


==============================================================================

Image component sizes


      Code (inc. data)   RO Data    RW Data    ZI Data      Debug   Object Name

       140         14          0         18          0       1962   battery.o
       200         32          0          1         10       1782   bluetooth.o
        84         16          0         12          0     517974   led.o
      3010        246         14         12        888      41988   main.o
       200          4          0          0          0      11550   mecanum.o
      2402        254          7          8         16      42706   motor.o
       120          4          0          0          0       2150   mpu9250.o
       580         16       2072          0          0       5556   oled.o
       508         32          0         37          9      12445   ps2.o
       124         20          0          0          0        982   servo.o
        36          8        304          0       1024        792   startup_stm32f103xe.o
       164         28          0         12          0       6421   stm32f1xx_hal.o
      1170         46          0          0          0       6679   stm32f1xx_hal_adc.o
         2          0          0          0          0       1037   stm32f1xx_hal_adc_ex.o
       194         14          0          0          0      25699   stm32f1xx_hal_cortex.o
      1166         52          0          0          0       4386   stm32f1xx_hal_dma.o
       516         42          0          0          0       4036   stm32f1xx_hal_gpio.o
      3928         76          0          0          0      25495   stm32f1xx_hal_i2c.o
       944        124          0          0          0       5388   stm32f1xx_hal_msp.o
      1308         98          0          0          0       5156   stm32f1xx_hal_rcc.o
       236         12          0          0          0       1368   stm32f1xx_hal_rcc_ex.o
      1474         64          0          0          0      13385   stm32f1xx_hal_tim.o
       170          0          0          0          0       2032   stm32f1xx_hal_tim_ex.o
       812         18          0          0          0       6406   stm32f1xx_hal_uart.o
        68         24          0          0          0       5373   stm32f1xx_it.o
       240          0          0          0          0      11151   stm32f1xx_ll_gpio.o
       654         30          0          0          0      32138   stm32f1xx_ll_tim.o
        72         16         24          4          0       1127   system_stm32f1xx.o
       128         28          0         12          0      26168   ultrasonic.o

    ----------------------------------------------------------------------
     20682       1318       2456        120       1952     823332   Object Totals
         0          0         32          0          0          0   (incl. Generated)
        32          0          3          4          5          0   (incl. Padding)

    ----------------------------------------------------------------------

      Code (inc. data)   RO Data    RW Data    ZI Data      Debug   Library Member Name

         0          0          0          0          0          0   entry.o
         0          0          0          0          0          0   entry10a.o
         0          0          0          0          0          0   entry11a.o
         8          4          0          0          0          0   entry2.o
         4          0          0          0          0          0   entry5.o
         0          0          0          0          0          0   entry7b.o
         0          0          0          0          0          0   entry8b.o
         8          4          0          0          0          0   entry9a.o
        30          0          0          0          0          0   handlers.o
        36          8          0          0          0         68   init.o
         0          0          0          0          0          0   iusefp.o
        30          0          0          0          0         68   llshl.o
        36          0          0          0          0         68   llsshr.o
        32          0          0          0          0         68   llushr.o
        36          0          0          0          0        108   memseta.o
        20          0          0          0          0         68   cfrcmple.o
        56          0          0          0          0         88   d2f.o
       334          0          0          0          0        148   dadd.o
       186          0          0          0          0        176   depilogue.o
       228          0          0          0          0         96   dmul.o
        38          0          0          0          0         68   f2d.o
       176          0          0          0          0        140   fadd.o
       124          0          0          0          0         88   fdiv.o
       110          0          0          0          0        168   fepilogue.o
        50          0          0          0          0         68   ffixi.o
        18          0          0          0          0         68   fflti.o
        10          0          0          0          0         68   ffltui.o
       100          0          0          0          0         76   fmul.o

    ----------------------------------------------------------------------
      1674         16          0          0          0       1700   Library Totals
         4          0          0          0          0          0   (incl. Padding)

    ----------------------------------------------------------------------

      Code (inc. data)   RO Data    RW Data    ZI Data      Debug   Library Name

       220         16          0          0          0        380   mc_w.l
      1450          0          0          0          0       1320   mf_w.l

    ----------------------------------------------------------------------
      1674         16          0          0          0       1700   Library Totals

    ----------------------------------------------------------------------

==============================================================================


      Code (inc. data)   RO Data    RW Data    ZI Data      Debug   

     22356       1334       2456        120       1952     815824   Grand Totals
     22356       1334       2456        120       1952     815824   ELF Image Totals
     22356       1334       2456        120          0          0   ROM Totals

==============================================================================

    Total RO  Size (Code + RO Data)                24812 (  24.23kB)
    Total RW  Size (RW Data + ZI Data)              2072 (   2.02kB)
    Total ROM Size (Code + RO Data + RW Data)      24932 (  24.35kB)

==============================================================================

